Archive member included to satisfy reference by file (symbol)

C:/Program Files/xpack-arm-none-eabi-gcc-15.2.1-1.1/bin/../lib/gcc/arm-none-eabi/15.2.1/thumb/v6-m/nofp\libgcc.a(_dvmd_tls.o)
                              CMakeFiles/112_blink.dir/C_/Repositories/pico/pico-sdk/src/rp2_common/pico_divider/divider_hardware.S.obj (__aeabi_idiv0)
C:/Program Files/xpack-arm-none-eabi-gcc-15.2.1-1.1/bin/../lib/gcc/arm-none-eabi/15.2.1/../../../../arm-none-eabi/lib/thumb/v6-m/nofp\libg.a(libc_a-calloc.o)
                              CMakeFiles/112_blink.dir/C_/Repositories/pico/pico-sdk/src/rp2_common/pico_malloc/malloc.c.obj (calloc)
C:/Program Files/xpack-arm-none-eabi-gcc-15.2.1-1.1/bin/../lib/gcc/arm-none-eabi/15.2.1/../../../../arm-none-eabi/lib/thumb/v6-m/nofp\libg.a(libc_a-callocr.o)
                              C:/Program Files/xpack-arm-none-eabi-gcc-15.2.1-1.1/bin/../lib/gcc/arm-none-eabi/15.2.1/../../../../arm-none-eabi/lib/thumb/v6-m/nofp\libg.a(libc_a-calloc.o) (_calloc_r)
C:/Program Files/xpack-arm-none-eabi-gcc-15.2.1-1.1/bin/../lib/gcc/arm-none-eabi/15.2.1/../../../../arm-none-eabi/lib/thumb/v6-m/nofp\libg.a(libc_a-malloc.o)
                              CMakeFiles/112_blink.dir/C_/Repositories/pico/pico-sdk/src/rp2_common/pico_malloc/malloc.c.obj (malloc)
C:/Program Files/xpack-arm-none-eabi-gcc-15.2.1-1.1/bin/../lib/gcc/arm-none-eabi/15.2.1/../../../../arm-none-eabi/lib/thumb/v6-m/nofp\libg.a(libc_a-mallocr.o)
                              C:/Program Files/xpack-arm-none-eabi-gcc-15.2.1-1.1/bin/../lib/gcc/arm-none-eabi/15.2.1/../../../../arm-none-eabi/lib/thumb/v6-m/nofp\libg.a(libc_a-callocr.o) (_malloc_r)
C:/Program Files/xpack-arm-none-eabi-gcc-15.2.1-1.1/bin/../lib/gcc/arm-none-eabi/15.2.1/../../../../arm-none-eabi/lib/thumb/v6-m/nofp\libg.a(libc_a-mlock.o)
                              C:/Program Files/xpack-arm-none-eabi-gcc-15.2.1-1.1/bin/../lib/gcc/arm-none-eabi/15.2.1/../../../../arm-none-eabi/lib/thumb/v6-m/nofp\libg.a(libc_a-mallocr.o) (__malloc_lock)
C:/Program Files/xpack-arm-none-eabi-gcc-15.2.1-1.1/bin/../lib/gcc/arm-none-eabi/15.2.1/../../../../arm-none-eabi/lib/thumb/v6-m/nofp\libg.a(libc_a-realloc.o)
                              CMakeFiles/112_blink.dir/C_/Repositories/pico/pico-sdk/src/rp2_common/pico_malloc/malloc.c.obj (realloc)
C:/Program Files/xpack-arm-none-eabi-gcc-15.2.1-1.1/bin/../lib/gcc/arm-none-eabi/15.2.1/../../../../arm-none-eabi/lib/thumb/v6-m/nofp\libg.a(libc_a-reallocr.o)
                              C:/Program Files/xpack-arm-none-eabi-gcc-15.2.1-1.1/bin/../lib/gcc/arm-none-eabi/15.2.1/../../../../arm-none-eabi/lib/thumb/v6-m/nofp\libg.a(libc_a-realloc.o) (_realloc_r)
C:/Program Files/xpack-arm-none-eabi-gcc-15.2.1-1.1/bin/../lib/gcc/arm-none-eabi/15.2.1/../../../../arm-none-eabi/lib/thumb/v6-m/nofp\libg.a(libc_a-memcmp.o)
                              CMakeFiles/112_blink.dir/C_/Repositories/pico/pico-sdk/src/rp2_common/pico_atomic/atomic.c.obj (memcmp)
C:/Program Files/xpack-arm-none-eabi-gcc-15.2.1-1.1/bin/../lib/gcc/arm-none-eabi/15.2.1/../../../../arm-none-eabi/lib/thumb/v6-m/nofp\libg.a(libc_a-memmove.o)
                              C:/Program Files/xpack-arm-none-eabi-gcc-15.2.1-1.1/bin/../lib/gcc/arm-none-eabi/15.2.1/../../../../arm-none-eabi/lib/thumb/v6-m/nofp\libg.a(libc_a-reallocr.o) (memmove)
C:/Program Files/xpack-arm-none-eabi-gcc-15.2.1-1.1/bin/../lib/gcc/arm-none-eabi/15.2.1/../../../../arm-none-eabi/lib/thumb/v6-m/nofp\libg.a(libc_a-lcltime_r.o)
                              CMakeFiles/112_blink.dir/C_/Repositories/pico/pico-sdk/src/common/pico_util/datetime.c.obj (localtime_r)
C:/Program Files/xpack-arm-none-eabi-gcc-15.2.1-1.1/bin/../lib/gcc/arm-none-eabi/15.2.1/../../../../arm-none-eabi/lib/thumb/v6-m/nofp\libg.a(libc_a-mktime.o)
                              CMakeFiles/112_blink.dir/C_/Repositories/pico/pico-sdk/src/common/pico_util/datetime.c.obj (mktime)
C:/Program Files/xpack-arm-none-eabi-gcc-15.2.1-1.1/bin/../lib/gcc/arm-none-eabi/15.2.1/../../../../arm-none-eabi/lib/thumb/v6-m/nofp\libg.a(libc_a-month_lengths.o)
                              C:/Program Files/xpack-arm-none-eabi-gcc-15.2.1-1.1/bin/../lib/gcc/arm-none-eabi/15.2.1/../../../../arm-none-eabi/lib/thumb/v6-m/nofp\libg.a(libc_a-lcltime_r.o) (__month_lengths)
C:/Program Files/xpack-arm-none-eabi-gcc-15.2.1-1.1/bin/../lib/gcc/arm-none-eabi/15.2.1/../../../../arm-none-eabi/lib/thumb/v6-m/nofp\libg.a(libc_a-tzcalc_limits.o)
                              C:/Program Files/xpack-arm-none-eabi-gcc-15.2.1-1.1/bin/../lib/gcc/arm-none-eabi/15.2.1/../../../../arm-none-eabi/lib/thumb/v6-m/nofp\libg.a(libc_a-lcltime_r.o) (__tzcalc_limits)
C:/Program Files/xpack-arm-none-eabi-gcc-15.2.1-1.1/bin/../lib/gcc/arm-none-eabi/15.2.1/../../../../arm-none-eabi/lib/thumb/v6-m/nofp\libg.a(libc_a-tzlock.o)
[...]
Memory Configuration

Name             Origin             Length             Attributes
FLASH            0x10000000         0x00200000         xr
XIP_RAM          0x15000000         0x00004000         xrw
RAM              0x20000000         0x00040000         xrw
SCRATCH_X        0x20040000         0x00001000         xrw
SCRATCH_Y        0x20041000         0x00001000         xrw
*default*        0x00000000         0xffffffff

Linker script and memory map

                0x20000000                        RAM_ORIGIN_DEFAULT = 0x20000000
                0x00040000                        RAM_LENGTH_DEFAULT = 0x40000
                0x20040000                        SCRATCH_X_ORIGIN_DEFAULT = 0x20040000
                0x00001000                        SCRATCH_X_LENGTH_DEFAULT = 0x1000
                0x20041000                        SCRATCH_Y_ORIGIN_DEFAULT = 0x20041000
                0x00001000                        SCRATCH_Y_LENGTH_DEFAULT = 0x1000
                0x15000000                        XIP_RAM_ORIGIN_DEFAULT = 0x15000000
                0x00004000                        XIP_RAM_LENGTH_DEFAULT = 0x4000
LOAD CMakeFiles/112_blink.dir/main.c.obj
LOAD CMakeFiles/112_blink.dir/C_/Repositories/pico/pico-sdk/src/rp2_common/pico_stdlib/stdlib.c.obj
LOAD CMakeFiles/112_blink.dir/C_/Repositories/pico/pico-sdk/src/rp2_common/hardware_gpio/gpio.c.obj
LOAD CMakeFiles/112_blink.dir/C_/Repositories/pico/pico-sdk/src/rp2040/pico_platform/platform.c.obj
LOAD CMakeFiles/112_blink.dir/C_/Repositories/pico/pico-sdk/src/rp2_common/pico_platform_common/common.c.obj
LOAD CMakeFiles/112_blink.dir/C_/Repositories/pico/pico-sdk/src/rp2_common/pico_platform_panic/panic.c.obj
LOAD CMakeFiles/112_blink.dir/C_/Repositories/pico/pico-sdk/src/rp2_common/pico_platform_panic/custom_panic_function.S.obj
LOAD CMakeFiles/112_blink.dir/C_/Repositories/pico/pico-sdk/src/common/hardware_claim/claim.c.obj
LOAD CMakeFiles/112_blink.dir/C_/Repositories/pico/pico-sdk/src/rp2_common/hardware_sync/sync.c.obj
LOAD CMakeFiles/112_blink.dir/C_/Repositories/pico/pico-sdk/src/rp2_common/hardware_sync_spin_lock/sync_spin_lock.c.obj
LOAD CMakeFiles/112_blink.dir/C_/Repositories/pico/pico-sdk/src/rp2_common/hardware_irq/irq.c.obj
LOAD CMakeFiles/112_blink.dir/C_/Repositories/pico/pico-sdk/src/rp2_common/hardware_irq/irq_handler_chain.S.obj
LOAD CMakeFiles/112_blink.dir/C_/Repositories/pico/pico-sdk/src/common/pico_sync/sem.c.obj
LOAD CMakeFiles/112_blink.dir/C_/Repositories/pico/pico-sdk/src/common/pico_sync/lock_core.c.obj
LOAD CMakeFiles/112_blink.dir/C_/Repositories/pico/pico-sdk/src/common/pico_sync/mutex.c.obj
LOAD CMakeFiles/112_blink.dir/C_/Repositories/pico/pico-sdk/src/common/pico_sync/critical_section.c.obj
LOAD CMakeFiles/112_blink.dir/C_/Repositories/pico/pico-sdk/src/common/pico_time/time.c.obj
LOAD CMakeFiles/112_blink.dir/C_/Repositories/pico/pico-sdk/src/common/pico_time/timeout_helper.c.obj
LOAD CMakeFiles/112_blink.dir/C_/Repositories/pico/pico-sdk/src/rp2_common/hardware_timer/timer.c.obj
LOAD CMakeFiles/112_blink.dir/C_/Repositories/pico/pico-sdk/src/common/pico_util/datetime.c.obj
LOAD CMakeFiles/112_blink.dir/C_/Repositories/pico/pico-sdk/src/common/pico_util/fixed_bitset.c.obj
LOAD CMakeFiles/112_blink.dir/C_/Repositories/pico/pico-sdk/src/common/pico_util/pheap.c.obj
LOAD CMakeFiles/112_blink.dir/C_/Repositories/pico/pico-sdk/src/common/pico_util/queue.c.obj
LOAD CMakeFiles/112_blink.dir/C_/Repositories/pico/pico-sdk/src/rp2_common/hardware_uart/uart.c.obj
LOAD CMakeFiles/112_blink.dir/C_/Repositories/pico/pico-sdk/src/rp2_common/hardware_clocks/clocks.c.obj
LOAD CMakeFiles/112_blink.dir/C_/Repositories/pico/pico-sdk/src/rp2_common/hardware_pll/pll.c.obj
LOAD CMakeFiles/112_blink.dir/C_/Repositories/pico/pico-sdk/src/rp2_common/hardware_vreg/vreg.c.obj
LOAD CMakeFiles/112_blink.dir/C_/Repositories/pico/pico-sdk/src/rp2_common/hardware_watchdog/watchdog.c.obj
LOAD CMakeFiles/112_blink.dir/C_/Repositories/pico/pico-sdk/src/rp2_common/hardware_ticks/ticks.c.obj
LOAD CMakeFiles/112_blink.dir/C_/Repositories/pico/pico-sdk/src/rp2_common/pico_bootrom/bootrom.c.obj
LOAD CMakeFiles/112_blink.dir/C_/Repositories/pico/pico-sdk/src/rp2_common/pico_bootrom/bootrom_lock.c.obj
LOAD CMakeFiles/112_blink.dir/C_/Repositories/pico/pico-sdk/src/rp2_common/hardware_boot_lock/boot_lock.c.obj
LOAD CMakeFiles/112_blink.dir/C_/Repositories/pico/pico-sdk/src/rp2_common/pico_flash/flash.c.obj
LOAD CMakeFiles/112_blink.dir/C_/Repositories/pico/pico-sdk/src/rp2_common/hardware_xosc/xosc.c.obj
LOAD CMakeFiles/112_blink.dir/C_/Repositories/pico/pico-sdk/src/rp2_common/hardware_divider/divider.S.obj
LOAD CMakeFiles/112_blink.dir/C_/Repositories/pico/pico-sdk/src/rp2_common/pico_runtime/runtime.c.obj
LOAD CMakeFiles/112_blink.dir/C_/Repositories/pico/pico-sdk/src/rp2_common/pico_runtime_init/runtime_init.c.obj
LOAD CMakeFiles/112_blink.dir/C_/Repositories/pico/pico-sdk/src/rp2_common/pico_runtime_init/runtime_init_clocks.c.obj
LOAD CMakeFiles/112_blink.dir/C_/Repositories/pico/pico-sdk/src/rp2_common/pico_runtime_init/runtime_init_stack_guard.c.obj
LOAD CMakeFiles/112_blink.dir/C_/Repositories/pico/pico-sdk/src/rp2_common/hardware_rtc/rtc.c.obj
LOAD CMakeFiles/112_blink.dir/C_/Repositories/pico/pico-sdk/src/rp2_common/pico_bit_ops/bit_ops_aeabi.S.obj
LOAD CMakeFiles/112_blink.dir/C_/Repositories/pico/pico-sdk/src/rp2_common/pico_divider/divider_hardware.S.obj
LOAD CMakeFiles/112_blink.dir/C_/Repositories/pico/pico-sdk/src/rp2_common/pico_double/double_aeabi_rp2040.S.obj
LOAD CMakeFiles/112_blink.dir/C_/Repositories/pico/pico-sdk/src/rp2_common/pico_double/double_init_rom_rp2040.c.obj
LOAD CMakeFiles/112_blink.dir/C_/Repositories/pico/pico-sdk/src/rp2_common/pico_double/double_math.c.obj
LOAD CMakeFiles/112_blink.dir/C_/Repositories/pico/pico-sdk/src/rp2_common/pico_double/double_v1_rom_shim_rp2040.S.obj
LOAD CMakeFiles/112_blink.dir/C_/Repositories/pico/pico-sdk/src/rp2_common/pico_int64_ops/pico_int64_ops_aeabi.S.obj
LOAD CMakeFiles/112_blink.dir/C_/Repositories/pico/pico-sdk/src/rp2_common/pico_float/float_aeabi_rp2040.S.obj
LOAD CMakeFiles/112_blink.dir/C_/Repositories/pico/pico-sdk/src/rp2_common/pico_float/float_init_rom_rp2040.c.obj
LOAD CMakeFiles/112_blink.dir/C_/Repositories/pico/pico-sdk/src/rp2_common/pico_float/float_math.c.obj
LOAD CMakeFiles/112_blink.dir/C_/Repositories/pico/pico-sdk/src/rp2_common/pico_float/float_v1_rom_shim_rp2040.S.obj
LOAD CMakeFiles/112_blink.dir/C_/Repositories/pico/pico-sdk/src/rp2_common/pico_malloc/malloc.c.obj
LOAD CMakeFiles/112_blink.dir/C_/Repositories/pico/pico-sdk/src/rp2_common/pico_mem_ops/mem_ops_aeabi.S.obj
LOAD CMakeFiles/112_blink.dir/C_/Repositories/pico/pico-sdk/src/rp2_common/pico_atomic/atomic.c.obj
LOAD CMakeFiles/112_blink.dir/C_/Repositories/pico/pico-sdk/src/rp2_common/pico_cxx_options/new_delete.cpp.obj
LOAD CMakeFiles/112_blink.dir/C_/Repositories/pico/pico-sdk/src/rp2_common/pico_standard_binary_info/standard_binary_info.c.obj
LOAD CMakeFiles/112_blink.dir/C_/Repositories/pico/pico-sdk/src/rp2_common/pico_printf/printf.c.obj
LOAD CMakeFiles/112_blink.dir/C_/Repositories/pico/pico-sdk/src/rp2_common/pico_crt0/crt0.S.obj
LOAD CMakeFiles/112_blink.dir/C_/Repositories/pico/pico-sdk/src/rp2_common/pico_clib_interface/newlib_interface.c.obj
LOAD CMakeFiles/112_blink.dir/C_/Repositories/pico/pico-sdk/src/rp2_common/pico_clib_interface/cxa_guard.c.obj
LOAD CMakeFiles/112_blink.dir/C_/Repositories/pico/pico-sdk/src/rp2_common/pico_stdio/stdio.c.obj
LOAD CMakeFiles/112_blink.dir/C_/Repositories/pico/pico-sdk/src/rp2_common/pico_stdio_uart/stdio_uart.c.obj
LOAD CMakeFiles/112_blink.dir/C_/Repositories/pico/pico-sdk/src/rp2_common/pico_thread_local/thread_local.c.obj
LOAD pico-sdk/src/rp2040/boot_stage2/CMakeFiles/bs2_default_library.dir/bs2_default_padded_checksummed.S.obj
LOAD C:/Program Files/xpack-arm-none-eabi-gcc-15.2.1-1.1/bin/../lib/gcc/arm-none-eabi/15.2.1/../../../../arm-none-eabi/lib/thumb/v6-m/nofp\libstdc++.a
LOAD C:/Program Files/xpack-arm-none-eabi-gcc-15.2.1-1.1/bin/../lib/gcc/arm-none-eabi/15.2.1/../../../../arm-none-eabi/lib/thumb/v6-m/nofp\libm.a
START GROUP
LOAD C:/Program Files/xpack-arm-none-eabi-gcc-15.2.1-1.1/bin/../lib/gcc/arm-none-eabi/15.2.1/thumb/v6-m/nofp\libgcc.a
LOAD C:/Program Files/xpack-arm-none-eabi-gcc-15.2.1-1.1/bin/../lib/gcc/arm-none-eabi/15.2.1/../../../../arm-none-eabi/lib/thumb/v6-m/nofp\libg.a
LOAD C:/Program Files/xpack-arm-none-eabi-gcc-15.2.1-1.1/bin/../lib/gcc/arm-none-eabi/15.2.1/../../../../arm-none-eabi/lib/thumb/v6-m/nofp\libc.a
END GROUP
                0x20000000                        PROVIDE (RAM_ORIGIN = RAM_ORIGIN_DEFAULT)
                0x00040000                        PROVIDE (RAM_LENGTH = RAM_LENGTH_DEFAULT)
                0x20040000                        PROVIDE (SCRATCH_X_ORIGIN = SCRATCH_X_ORIGIN_DEFAULT)
                0x00001000                        PROVIDE (SCRATCH_X_LENGTH = SCRATCH_X_LENGTH_DEFAULT)
                0x20041000                        PROVIDE (SCRATCH_Y_ORIGIN = SCRATCH_Y_ORIGIN_DEFAULT)
                0x00001000                        PROVIDE (SCRATCH_Y_LENGTH = SCRATCH_Y_LENGTH_DEFAULT)
                0x15000000                        PROVIDE (XIP_RAM_ORIGIN = XIP_RAM_ORIGIN_DEFAULT)
                0x00004000                        PROVIDE (XIP_RAM_LENGTH = XIP_RAM_LENGTH_DEFAULT)
                0x20000000                        RAM_ORIGIN = DEFINED (RAM_ORIGIN)?RAM_ORIGIN:RAM_ORIGIN_DEFAULT
                0x00040000                        RAM_LENGTH = DEFINED (RAM_LENGTH)?RAM_LENGTH:RAM_LENGTH_DEFAULT
                0x20040000                        SCRATCH_X_ORIGIN = DEFINED (SCRATCH_X_ORIGIN)?SCRATCH_X_ORIGIN:SCRATCH_X_ORIGIN_DEFAULT
                0x00001000                        SCRATCH_X_LENGTH = DEFINED (SCRATCH_X_LENGTH)?SCRATCH_X_LENGTH:SCRATCH_X_LENGTH_DEFAULT
                0x20041000                        SCRATCH_Y_ORIGIN = DEFINED (SCRATCH_Y_ORIGIN)?SCRATCH_Y_ORIGIN:SCRATCH_Y_ORIGIN_DEFAULT
                0x00001000                        SCRATCH_Y_LENGTH = DEFINED (SCRATCH_Y_LENGTH)?SCRATCH_Y_LENGTH:SCRATCH_Y_LENGTH_DEFAULT
                0x15000000                        XIP_RAM_ORIGIN = DEFINED (XIP_RAM_ORIGIN)?XIP_RAM_ORIGIN:XIP_RAM_ORIGIN_DEFAULT
                0x00004000                        XIP_RAM_LENGTH = DEFINED (XIP_RAM_LENGTH)?XIP_RAM_LENGTH:XIP_RAM_LENGTH_DEFAULT

.flash_begin    0x10000000        0x0
                0x10000000                        __flash_binary_start = .

.boot2          0x10000000      0x100
                0x10000000                        __boot2_start__ = .
 *(.boot2)
 .boot2         0x10000000      0x100 pico-sdk/src/rp2040/boot_stage2/CMakeFiles/bs2_default_library.dir/bs2_default_padded_checksummed.S.obj
                0x10000100                        __boot2_end__ = .
                0x00000001                        ASSERT (((__boot2_end__ - __boot2_start__) == 0x100), ERROR: Pico second stage bootloader must be exactly 256 bytes in size for RP2040)

.text           0x10000100     0x3554
                0x10000100                        __logical_binary_start = .
 *(.vectors)
 .vectors       0x10000100       0xd4 CMakeFiles/112_blink.dir/C_/Repositories/pico/pico-sdk/src/rp2_common/pico_crt0/crt0.S.obj
                0x10000100                __VECTOR_TABLE
                0x10000100                __vectors
                0x100001c0                isr_irq13
                0x100001c0                isr_irq27
                0x100001c0                isr_irq31
                0x100001c0                isr_irq12
                0x100001c0                isr_irq5
                0x100001c0                isr_irq11
                0x100001c0                isr_irq3
                0x100001c0                isr_irq23
                0x100001c0                __unhandled_user_irq
                0x100001c0                isr_irq26
                0x100001c0                isr_irq28
                0x100001c0                isr_irq19
                0x100001c0                isr_irq0
                0x100001c0                isr_irq6
                0x100001c0                isr_irq29
                0x100001c0                isr_irq16
                0x100001c0                isr_irq22
                0x100001c0                isr_irq18
                0x100001c0                isr_irq17
                0x100001c0                isr_irq14
                0x100001c0                __vectors_end
                0x100001c0                __default_isrs_start
                0x100001c0                isr_irq2
                0x100001c0                isr_irq10
                0x100001c0                isr_irq8
                0x100001c0                isr_irq24
                0x100001c0                isr_irq1
                0x100001c0                isr_irq7
                0x100001c0                isr_irq21
                0x100001c0                isr_irq20
                0x100001c0                isr_irq15
                0x100001c0                isr_irq25
                0x100001c0                isr_irq4
                0x100001c0                isr_irq30
                0x100001c0                isr_irq9
                0x100001c6                unhandled_user_irq_num_in_r0
                0x100001c8                isr_invalid
                0x100001ca                isr_nmi
                0x100001cc                isr_hardfault
                0x100001ce                isr_svcall
                0x100001d0                isr_pendsv
                0x100001d2                isr_systick
                0x100001d4                __default_isrs_end
 *(.binary_info_header)
 .binary_info_header
                0x100001d4       0x14 CMakeFiles/112_blink.dir/C_/Repositories/pico/pico-sdk/src/rp2_common/pico_crt0/crt0.S.obj
                0x100001e8                        __binary_info_header_end = .
 *(.embedded_block)
                0x100001e8                        __embedded_block_end = .
 *(.reset)
 .reset         0x100001e8       0x98 CMakeFiles/112_blink.dir/C_/Repositories/pico/pico-sdk/src/rp2_common/pico_crt0/crt0.S.obj
                0x100001e8                _entry_point
 *(.init)
 *libgcc.a:cmse_nonsecure_call.o()
 *(EXCLUDE_FILE(*libm.a: *lib*_a-mem*.o *libc.a: *libgcc.a:) .text*)
 .text.main     0x10000280       0x2e CMakeFiles/112_blink.dir/main.c.obj
                0x10000280                main
 *fill*         0x100002ae        0x2 
 .text.gpio_set_function
                0x100002b0       0x34 CMakeFiles/112_blink.dir/C_/Repositories/pico/pico-sdk/src/rp2_common/hardware_gpio/gpio.c.obj
                0x100002b0                gpio_set_function
 .text.gpio_init
                0x100002e4       0x16 CMakeFiles/112_blink.dir/C_/Repositories/pico/pico-sdk/src/rp2_common/hardware_gpio/gpio.c.obj
                0x100002e4                gpio_init
 *fill*         0x100002fa        0x2 
 .text.panic    0x100002fc       0x30 CMakeFiles/112_blink.dir/C_/Repositories/pico/pico-sdk/src/rp2_common/pico_platform_panic/panic.c.obj
                0x100002fc                panic
 .text.hw_claim_lock
                0x1000032c       0x18 CMakeFiles/112_blink.dir/C_/Repositories/pico/pico-sdk/src/common/hardware_claim/claim.c.obj
                0x1000032c                hw_claim_lock
 .text.hw_claim_unlock
                0x10000344       0x14 CMakeFiles/112_blink.dir/C_/Repositories/pico/pico-sdk/src/common/hardware_claim/claim.c.obj
                0x10000344                hw_claim_unlock
 .text.hw_claim_or_assert
                0x10000358       0x36 CMakeFiles/112_blink.dir/C_/Repositories/pico/pico-sdk/src/common/hardware_claim/claim.c.obj
                0x10000358                hw_claim_or_assert
 *fill*         0x1000038e        0x2 
 .text.next_striped_spin_lock_num
                0x10000390       0x1c CMakeFiles/112_blink.dir/C_/Repositories/pico/pico-sdk/src/rp2_common/hardware_sync/sync.c.obj
                0x10000390                next_striped_spin_lock_num
 .text.spin_locks_reset
                0x100003ac       0x20 CMakeFiles/112_blink.dir/C_/Repositories/pico/pico-sdk/src/rp2_common/hardware_sync_spin_lock/sync_spin_lock.c.obj
                0x100003ac                spin_locks_reset
 .text.set_raw_irq_handler_and_unlock
                0x100003cc       0x28 CMakeFiles/112_blink.dir/C_/Repositories/pico/pico-sdk/src/rp2_common/hardware_irq/irq.c.obj
 .text.nvic_ipr0
                0x100003f4        0x8 CMakeFiles/112_blink.dir/C_/Repositories/pico/pico-sdk/src/rp2_common/hardware_irq/irq.c.obj
 .text.runtime_init_per_core_irq_priorities
                0x100003fc       0x1c CMakeFiles/112_blink.dir/C_/Repositories/pico/pico-sdk/src/rp2_common/hardware_irq/irq.c.obj
                0x100003fc                runtime_init_per_core_irq_priorities
 .text.irq_set_mask_n_enabled
                0x10000418       0x1c CMakeFiles/112_blink.dir/C_/Repositories/pico/pico-sdk/src/rp2_common/hardware_irq/irq.c.obj
                0x10000418                irq_set_mask_n_enabled
 .text.irq_set_enabled
                0x10000434       0x14 CMakeFiles/112_blink.dir/C_/Repositories/pico/pico-sdk/src/rp2_common/hardware_irq/irq.c.obj
                0x10000434                irq_set_enabled
 .text.irq_get_vtable_handler
                0x10000448       0x10 CMakeFiles/112_blink.dir/C_/Repositories/pico/pico-sdk/src/rp2_common/hardware_irq/irq.c.obj
                0x10000448                irq_get_vtable_handler
 .text.irq_set_exclusive_handler
                0x10000458       0x58 CMakeFiles/112_blink.dir/C_/Repositories/pico/pico-sdk/src/rp2_common/hardware_irq/irq.c.obj
                0x10000458                irq_set_exclusive_handler
 .text.lock_init
                0x100004b0       0x10 CMakeFiles/112_blink.dir/C_/Repositories/pico/pico-sdk/src/common/pico_sync/lock_core.c.obj
                0x100004b0                lock_init
 .text.mutex_init
                0x100004c0       0x1a CMakeFiles/112_blink.dir/C_/Repositories/pico/pico-sdk/src/common/pico_sync/mutex.c.obj
                0x100004c0                mutex_init
 .text.recursive_mutex_init
                0x100004da       0x1e CMakeFiles/112_blink.dir/C_/Repositories/pico/pico-sdk/src/common/pico_sync/mutex.c.obj
                0x100004da                recursive_mutex_init
 .text.runtime_init_mutex
                0x100004f8       0x4c CMakeFiles/112_blink.dir/C_/Repositories/pico/pico-sdk/src/common/pico_sync/mutex.c.obj
                0x100004f8                runtime_init_mutex
 .text.ta_set_timeout
                0x10000544       0x28 CMakeFiles/112_blink.dir/C_/Repositories/pico/pico-sdk/src/common/pico_time/time.c.obj
 .text.make_alarm_id
                0x1000056c        0x6 CMakeFiles/112_blink.dir/C_/Repositories/pico/pico-sdk/src/common/pico_time/time.c.obj
 *fill*         0x10000572        0x2 
 .text.sleep_until_callback
                0x10000574       0x30 CMakeFiles/112_blink.dir/C_/Repositories/pico/pico-sdk/src/common/pico_time/time.c.obj
 .text.alarm_pool_irq_handler
                0x100005a4      0x2f4 CMakeFiles/112_blink.dir/C_/Repositories/pico/pico-sdk/src/common/pico_time/time.c.obj
 .text.ta_enable_irq_handler
                0x10000898       0x2c CMakeFiles/112_blink.dir/C_/Repositories/pico/pico-sdk/src/common/pico_time/time.c.obj
 .text.alarm_pool_post_alloc_init
                0x100008c4       0x68 CMakeFiles/112_blink.dir/C_/Repositories/pico/pico-sdk/src/common/pico_time/time.c.obj
 .text.alarm_pool_get_default
                0x1000092c       0x2c CMakeFiles/112_blink.dir/C_/Repositories/pico/pico-sdk/src/common/pico_time/time.c.obj
                0x1000092c                alarm_pool_get_default
 .text.alarm_pool_add_alarm_at_force_in_context
                0x10000958       0xa4 CMakeFiles/112_blink.dir/C_/Repositories/pico/pico-sdk/src/common/pico_time/time.c.obj
                0x10000958                alarm_pool_add_alarm_at_force_in_context
 .text.alarm_pool_add_alarm_at
                0x100009fc       0x3c CMakeFiles/112_blink.dir/C_/Repositories/pico/pico-sdk/src/common/pico_time/time.c.obj
                0x100009fc                alarm_pool_add_alarm_at
 .text.add_alarm_at
                0x10000a38       0x2e CMakeFiles/112_blink.dir/C_/Repositories/pico/pico-sdk/src/common/pico_time/time.c.obj
 *fill*         0x10000a66        0x2 
 .text.alarm_pool_cancel_alarm
                0x10000a68       0x7c CMakeFiles/112_blink.dir/C_/Repositories/pico/pico-sdk/src/common/pico_time/time.c.obj
                0x10000a68                alarm_pool_cancel_alarm
 .text.cancel_alarm
                0x10000ae4       0x10 CMakeFiles/112_blink.dir/C_/Repositories/pico/pico-sdk/src/common/pico_time/time.c.obj
 .text.sleep_until
                0x10000af4       0xb0 CMakeFiles/112_blink.dir/C_/Repositories/pico/pico-sdk/src/common/pico_time/time.c.obj
                0x10000af4                sleep_until
 .text.sleep_us
                0x10000ba4       0x2c CMakeFiles/112_blink.dir/C_/Repositories/pico/pico-sdk/src/common/pico_time/time.c.obj
                0x10000ba4                sleep_us
 .text.sleep_ms
                0x10000bd0       0x14 CMakeFiles/112_blink.dir/C_/Repositories/pico/pico-sdk/src/common/pico_time/time.c.obj
                0x10000bd0                sleep_ms
 .text.best_effort_wfe_or_timeout
                0x10000be4      0x140 CMakeFiles/112_blink.dir/C_/Repositories/pico/pico-sdk/src/common/pico_time/time.c.obj
                0x10000be4                best_effort_wfe_or_timeout
 .text.alarm_pool_get_default_timer
                0x10000d24        0x8 CMakeFiles/112_blink.dir/C_/Repositories/pico/pico-sdk/src/common/pico_time/time.c.obj
                0x10000d24                alarm_pool_get_default_timer
 .text.runtime_init_default_alarm_pool
                0x10000d2c       0x38 CMakeFiles/112_blink.dir/C_/Repositories/pico/pico-sdk/src/common/pico_time/time.c.obj
                0x10000d2c                runtime_init_default_alarm_pool
 .text.timer_hardware_alarm_claim
                0x10000d64       0x14 CMakeFiles/112_blink.dir/C_/Repositories/pico/pico-sdk/src/rp2_common/hardware_timer/timer.c.obj
                0x10000d64                timer_hardware_alarm_claim
 .text.timer_time_us_64
                0x10000d78       0x10 CMakeFiles/112_blink.dir/C_/Repositories/pico/pico-sdk/src/rp2_common/hardware_timer/timer.c.obj
                0x10000d78                timer_time_us_64
 .text.timer_busy_wait_until
                0x10000d88       0x1a CMakeFiles/112_blink.dir/C_/Repositories/pico/pico-sdk/src/rp2_common/hardware_timer/timer.c.obj
                0x10000d88                timer_busy_wait_until
 *fill*         0x10000da2        0x2 
 .text.time_us_64
                0x10000da4       0x10 CMakeFiles/112_blink.dir/C_/Repositories/pico/pico-sdk/src/rp2_common/hardware_timer/timer.c.obj
                0x10000da4                time_us_64
 .text.busy_wait_until
                0x10000db4       0x14 CMakeFiles/112_blink.dir/C_/Repositories/pico/pico-sdk/src/rp2_common/hardware_timer/timer.c.obj
                0x10000db4                busy_wait_until
 .text.clock_configure_internal
                0x10000dc8       0xc0 CMakeFiles/112_blink.dir/C_/Repositories/pico/pico-sdk/src/rp2_common/hardware_clocks/clocks.c.obj
 .text.clock_configure_int_divider
                0x10000e88       0x28 CMakeFiles/112_blink.dir/C_/Repositories/pico/pico-sdk/src/rp2_common/hardware_clocks/clocks.c.obj
                0x10000e88                clock_configure_int_divider
 .text.clock_configure_undivided
                0x10000eb0       0x12 CMakeFiles/112_blink.dir/C_/Repositories/pico/pico-sdk/src/rp2_common/hardware_clocks/clocks.c.obj
                0x10000eb0                clock_configure_undivided
 *fill*         0x10000ec2        0x2 
 .text.clock_get_hz
                0x10000ec4        0xc CMakeFiles/112_blink.dir/C_/Repositories/pico/pico-sdk/src/rp2_common/hardware_clocks/clocks.c.obj
                0x10000ec4                clock_get_hz
 .text.pll_init
                0x10000ed0      0x124 CMakeFiles/112_blink.dir/C_/Repositories/pico/pico-sdk/src/rp2_common/hardware_pll/pll.c.obj
                0x10000ed0                pll_init
 .text.tick_start
                0x10000ff4       0x10 CMakeFiles/112_blink.dir/C_/Repositories/pico/pico-sdk/src/rp2_common/hardware_ticks/ticks.c.obj
                0x10000ff4                tick_start
 .text.rom_func_lookup
                0x10001004       0x10 CMakeFiles/112_blink.dir/C_/Repositories/pico/pico-sdk/src/rp2_common/pico_bootrom/bootrom.c.obj
                0x10001004                rom_func_lookup
 .text.rom_data_lookup
                0x10001014       0x10 CMakeFiles/112_blink.dir/C_/Repositories/pico/pico-sdk/src/rp2_common/pico_bootrom/bootrom.c.obj
                0x10001014                rom_data_lookup
 .text.rom_funcs_lookup
                0x10001024       0x36 CMakeFiles/112_blink.dir/C_/Repositories/pico/pico-sdk/src/rp2_common/pico_bootrom/bootrom.c.obj
                0x10001024                rom_funcs_lookup
 *fill*         0x1000105a        0x2 
 .text.xosc_init
                0x1000105c       0x2c CMakeFiles/112_blink.dir/C_/Repositories/pico/pico-sdk/src/rp2_common/hardware_xosc/xosc.c.obj
                0x1000105c                xosc_init
 .text.runtime_run_initializers_from
                0x10001088       0x18 CMakeFiles/112_blink.dir/C_/Repositories/pico/pico-sdk/src/rp2_common/pico_runtime/runtime.c.obj
 .text.first_per_core_initializer
                0x100010a0        0x2 CMakeFiles/112_blink.dir/C_/Repositories/pico/pico-sdk/src/rp2_common/pico_runtime/runtime.c.obj
 *fill*         0x100010a2        0x2 
 .text.runtime_run_initializers
                0x100010a4       0x10 CMakeFiles/112_blink.dir/C_/Repositories/pico/pico-sdk/src/rp2_common/pico_runtime/runtime.c.obj
                0x100010a4                runtime_run_initializers
 .text.runtime_init_early_resets
                0x100010b4       0x2c CMakeFiles/112_blink.dir/C_/Repositories/pico/pico-sdk/src/rp2_common/pico_runtime_init/runtime_init.c.obj
                0x100010b4                runtime_init_early_resets
 .text.runtime_init_usb_power_down
                0x100010e0       0x1c CMakeFiles/112_blink.dir/C_/Repositories/pico/pico-sdk/src/rp2_common/pico_runtime_init/runtime_init.c.obj
                0x100010e0                runtime_init_usb_power_down
 .text.runtime_init_post_clock_resets
                0x100010fc       0x20 CMakeFiles/112_blink.dir/C_/Repositories/pico/pico-sdk/src/rp2_common/pico_runtime_init/runtime_init.c.obj
                0x100010fc                runtime_init_post_clock_resets
 .text.runtime_init_rp2040_gpio_ie_disable
                0x1000111c       0x14 CMakeFiles/112_blink.dir/C_/Repositories/pico/pico-sdk/src/rp2_common/pico_runtime_init/runtime_init.c.obj
                0x1000111c                runtime_init_rp2040_gpio_ie_disable
 .text.runtime_init_spin_locks_reset
                0x10001130        0x8 CMakeFiles/112_blink.dir/C_/Repositories/pico/pico-sdk/src/rp2_common/pico_runtime_init/runtime_init.c.obj
                0x10001130                runtime_init_spin_locks_reset
 .text.runtime_init_install_ram_vector_table
                0x10001138       0x48 CMakeFiles/112_blink.dir/C_/Repositories/pico/pico-sdk/src/rp2_common/pico_runtime_init/runtime_init.c.obj
                0x10001138                runtime_init_install_ram_vector_table
 .text.start_all_ticks
                0x10001180       0x28 CMakeFiles/112_blink.dir/C_/Repositories/pico/pico-sdk/src/rp2_common/pico_runtime_init/runtime_init_clocks.c.obj
 .text.runtime_init_clocks
                0x100011a8       0xcc CMakeFiles/112_blink.dir/C_/Repositories/pico/pico-sdk/src/rp2_common/pico_runtime_init/runtime_init_clocks.c.obj
                0x100011a8                runtime_init_clocks
 .text          0x10001274       0x10 CMakeFiles/112_blink.dir/C_/Repositories/pico/pico-sdk/src/rp2_common/pico_bit_ops/bit_ops_aeabi.S.obj
 .text.__wrap___aeabi_idiv
                0x10001284       0x50 CMakeFiles/112_blink.dir/C_/Repositories/pico/pico-sdk/src/rp2_common/pico_divider/divider_hardware.S.obj
                0x10001284                __wrap___aeabi_idivmod
                0x10001284                divmod_s32s32
                0x10001284                div_s32s32
                0x10001284                __wrap___aeabi_idiv
                0x100012b8                divmod_s32s32_savestate
 .text.__wrap___aeabi_uidiv
                0x100012d4       0x4c CMakeFiles/112_blink.dir/C_/Repositories/pico/pico-sdk/src/rp2_common/pico_divider/divider_hardware.S.obj
                0x100012d4                __wrap___aeabi_uidivmod
                0x100012d4                div_u32u32
                0x100012d4                divmod_u32u32
                0x100012d4                __wrap___aeabi_uidiv
                0x10001304                divmod_u32u32_savestate
 .text.__wrap___aeabi_ldiv
                0x10001320      0x424 CMakeFiles/112_blink.dir/C_/Repositories/pico/pico-sdk/src/rp2_common/pico_divider/divider_hardware.S.obj
                0x10001320                div_s64s64
                0x10001320                divmod_s64s64
                0x10001320                __wrap___aeabi_ldivmod
                0x10001350                divmod_u64u64
                0x10001350                div_u64u64
                0x10001350                __wrap___aeabi_uldivmod
                0x10001360                divmod_u64u64_savestate
                0x10001380                divmod_s64s64_unsafe
                0x10001408                divmod_u64u64_unsafe
 .text.__wrap___aeabi_darithmetic
                0x10001744       0x80 CMakeFiles/112_blink.dir/C_/Repositories/pico/pico-sdk/src/rp2_common/pico_double/double_aeabi_rp2040.S.obj
                0x10001744                __wrap___aeabi_drsub
                0x1000174a                __wrap___aeabi_dsub
                0x1000175c                __wrap___aeabi_dadd
                0x1000176e                __wrap___aeabi_ddiv
                0x100017aa                __wrap___aeabi_dmul
 .text.__wrap___aeabi_cdcmple
                0x100017c4       0x6c CMakeFiles/112_blink.dir/C_/Repositories/pico/pico-sdk/src/rp2_common/pico_double/double_aeabi_rp2040.S.obj
                0x100017c4                __wrap___aeabi_cdrcmple
                0x100017d4                __wrap___aeabi_cdcmpeq
                0x100017d4                __wrap___aeabi_cdcmple
 .text.__wrap___aeabi_dcmplt
                0x10001830        0xc CMakeFiles/112_blink.dir/C_/Repositories/pico/pico-sdk/src/rp2_common/pico_double/double_aeabi_rp2040.S.obj
                0x10001830                __wrap___aeabi_dcmplt
 .text.__wrap___aeabi_dcmple
                0x1000183c       0x10 CMakeFiles/112_blink.dir/C_/Repositories/pico/pico-sdk/src/rp2_common/pico_double/double_aeabi_rp2040.S.obj
                0x1000183c                __wrap___aeabi_dcmple
 .text.__wrap___aeabi_dcmpge
                0x1000184c       0x10 CMakeFiles/112_blink.dir/C_/Repositories/pico/pico-sdk/src/rp2_common/pico_double/double_aeabi_rp2040.S.obj
                0x1000184c                __wrap___aeabi_dcmpge
 .text.__wrap___aeabi_dcmpgt
                0x1000185c        0xa CMakeFiles/112_blink.dir/C_/Repositories/pico/pico-sdk/src/rp2_common/pico_double/double_aeabi_rp2040.S.obj
                0x1000185c                __wrap___aeabi_dcmpgt
 .text.__wrap___aeabi_dcmpun
                0x10001866       0x18 CMakeFiles/112_blink.dir/C_/Repositories/pico/pico-sdk/src/rp2_common/pico_double/double_aeabi_rp2040.S.obj
                0x10001866                __wrap___aeabi_dcmpun
 *fill*         0x1000187e        0x2 
 .text.__wrap___aeabi_i2d
                0x10001880       0x38 CMakeFiles/112_blink.dir/C_/Repositories/pico/pico-sdk/src/rp2_common/pico_double/double_aeabi_rp2040.S.obj
                0x10001880                uint2double
                0x10001880                __wrap___aeabi_ui2d
                0x10001888                int2double
                0x10001888                __wrap___aeabi_i2d
 .text.__wrap___aeabi_d2iz
                0x100018b8       0x48 CMakeFiles/112_blink.dir/C_/Repositories/pico/pico-sdk/src/rp2_common/pico_double/double_aeabi_rp2040.S.obj
                0x100018b8                double2int_z
                0x100018b8                __wrap___aeabi_d2iz
 .text.__wrap___aeabi_d2uiz
                0x10001900       0x18 CMakeFiles/112_blink.dir/C_/Repositories/pico/pico-sdk/src/rp2_common/pico_double/double_aeabi_rp2040.S.obj
                0x10001900                double2uint
                0x10001900                __wrap___aeabi_d2uiz
                0x10001900                double2uint_z
 .text.__aeabi_double_init
                0x10001918       0xcc CMakeFiles/112_blink.dir/C_/Repositories/pico/pico-sdk/src/rp2_common/pico_double/double_init_rom_rp2040.c.obj
                0x10001918                __aeabi_double_init
 .text.double_table_shim_on_use_helper
                0x100019e4       0x34 CMakeFiles/112_blink.dir/C_/Repositories/pico/pico-sdk/src/rp2_common/pico_double/double_v1_rom_shim_rp2040.S.obj
                0x100019e4                double_table_shim_on_use_helper
 .text.__wrap___aeabi_dsub
                0x10001a18       0x10 CMakeFiles/112_blink.dir/C_/Repositories/pico/pico-sdk/src/rp2_common/pico_double/double_v1_rom_shim_rp2040.S.obj
                0x10001a18                drsub_shim
                0x10001a1e                dsub_shim
 .text.dadd_shim
                0x10001a28      0x15c CMakeFiles/112_blink.dir/C_/Repositories/pico/pico-sdk/src/rp2_common/pico_double/double_v1_rom_shim_rp2040.S.obj
                0x10001a28                dadd_shim
 .text.dmul_shim
                0x10001b84      0x15c CMakeFiles/112_blink.dir/C_/Repositories/pico/pico-sdk/src/rp2_common/pico_double/double_v1_rom_shim_rp2040.S.obj
                0x10001b84                dmul_shim
 .text.ddiv_shim
                0x10001ce0      0x1b0 CMakeFiles/112_blink.dir/C_/Repositories/pico/pico-sdk/src/rp2_common/pico_double/double_v1_rom_shim_rp2040.S.obj
                0x10001ce0                ddiv_shim
 .text.double2uint_shim
                0x10001e90        0xe CMakeFiles/112_blink.dir/C_/Repositories/pico/pico-sdk/src/rp2_common/pico_double/double_v1_rom_shim_rp2040.S.obj
                0x10001e90                double2uint_shim
                0x10001e92                double2ufix_shim
 *fill*         0x10001e9e        0x2 
 .text.double2uint64_shim
                0x10001ea0       0x70 CMakeFiles/112_blink.dir/C_/Repositories/pico/pico-sdk/src/rp2_common/pico_double/double_v1_rom_shim_rp2040.S.obj
                0x10001ea0                double2uint64_shim
                0x10001ea2                double2ufix64_shim
                0x10001ec2                d2fix_a
 .text.dunpacks
                0x10001f10       0x3c CMakeFiles/112_blink.dir/C_/Repositories/pico/pico-sdk/src/rp2_common/pico_double/double_v1_rom_shim_rp2040.S.obj
                0x10001f10                dunpacks
 .text.__aeabi_lmul
                0x10001f4c       0x32 CMakeFiles/112_blink.dir/C_/Repositories/pico/pico-sdk/src/rp2_common/pico_int64_ops/pico_int64_ops_aeabi.S.obj
                0x10001f4c                __wrap___aeabi_lmul
 *fill*         0x10001f7e        0x2 
 .text.__aeabi_float_init
                0x10001f80       0xfc CMakeFiles/112_blink.dir/C_/Repositories/pico/pico-sdk/src/rp2_common/pico_float/float_init_rom_rp2040.c.obj
                0x10001f80                __aeabi_float_init
 .text.float_table_shim_on_use_helper
                0x1000207c       0x34 CMakeFiles/112_blink.dir/C_/Repositories/pico/pico-sdk/src/rp2_common/pico_float/float_v1_rom_shim_rp2040.S.obj
                0x1000207c                float_table_shim_on_use_helper
 .text          0x100020b0       0x10 CMakeFiles/112_blink.dir/C_/Repositories/pico/pico-sdk/src/rp2_common/pico_mem_ops/mem_ops_aeabi.S.obj
                0x100020b0                __aeabi_mem_init
 .text.memcpy   0x100020c0        0xc CMakeFiles/112_blink.dir/C_/Repositories/pico/pico-sdk/src/rp2_common/pico_mem_ops/mem_ops_aeabi.S.obj
                0x100020c0                __wrap_memcpy
                0x100020c0                __wrap___aeabi_memcpy
 .text._out_null
                0x100020cc        0x2 CMakeFiles/112_blink.dir/C_/Repositories/pico/pico-sdk/src/rp2_common/pico_printf/printf.c.obj
 .text._out_fct
                0x100020ce        0xe CMakeFiles/112_blink.dir/C_/Repositories/pico/pico-sdk/src/rp2_common/pico_printf/printf.c.obj
 .text._atoi    0x100020dc       0x24 CMakeFiles/112_blink.dir/C_/Repositories/pico/pico-sdk/src/rp2_common/pico_printf/printf.c.obj
 .text._out_rev
                0x10002100       0xba CMakeFiles/112_blink.dir/C_/Repositories/pico/pico-sdk/src/rp2_common/pico_printf/printf.c.obj
 .text._ntoa_format
                0x100021ba      0x116 CMakeFiles/112_blink.dir/C_/Repositories/pico/pico-sdk/src/rp2_common/pico_printf/printf.c.obj
 .text._ntoa_long
                0x100022d0       0xb8 CMakeFiles/112_blink.dir/C_/Repositories/pico/pico-sdk/src/rp2_common/pico_printf/printf.c.obj
 .text._ntoa_long_long
                0x10002388       0xf8 CMakeFiles/112_blink.dir/C_/Repositories/pico/pico-sdk/src/rp2_common/pico_printf/printf.c.obj
 .text._etoa    0x10002480      0x448 CMakeFiles/112_blink.dir/C_/Repositories/pico/pico-sdk/src/rp2_common/pico_printf/printf.c.obj
 .text._ftoa    0x100028c8      0x340 CMakeFiles/112_blink.dir/C_/Repositories/pico/pico-sdk/src/rp2_common/pico_printf/printf.c.obj
 .text._vsnprintf
                0x10002c08      0x684 CMakeFiles/112_blink.dir/C_/Repositories/pico/pico-sdk/src/rp2_common/pico_printf/printf.c.obj
 .text.vfctprintf
                0x1000328c       0x28 CMakeFiles/112_blink.dir/C_/Repositories/pico/pico-sdk/src/rp2_common/pico_printf/printf.c.obj
                0x1000328c                vfctprintf
 .text._exit    0x100032b4        0x4 CMakeFiles/112_blink.dir/C_/Repositories/pico/pico-sdk/src/rp2_common/pico_clib_interface/newlib_interface.c.obj
                0x100032b4                _exit
 .text._fini    0x100032b8        0x2 CMakeFiles/112_blink.dir/C_/Repositories/pico/pico-sdk/src/rp2_common/pico_clib_interface/newlib_interface.c.obj
                0x100032b8                _fini
 .text.exit     0x100032ba        0x6 CMakeFiles/112_blink.dir/C_/Repositories/pico/pico-sdk/src/rp2_common/pico_clib_interface/newlib_interface.c.obj
                0x100032ba                exit
 .text.__assert_func
                0x100032c0       0x38 CMakeFiles/112_blink.dir/C_/Repositories/pico/pico-sdk/src/rp2_common/pico_clib_interface/newlib_interface.c.obj
                0x100032c0                __assert_func
 .text.runtime_init
                0x100032f8       0x28 CMakeFiles/112_blink.dir/C_/Repositories/pico/pico-sdk/src/rp2_common/pico_clib_interface/newlib_interface.c.obj
                0x100032f8                runtime_init
 .text.stdio_out_chars_no_crlf
                0x10003320        0xe CMakeFiles/112_blink.dir/C_/Repositories/pico/pico-sdk/src/rp2_common/pico_stdio/stdio.c.obj
 *fill*         0x1000332e        0x2 
 .text.stdio_out_chars_crlf
                0x10003330       0x7c CMakeFiles/112_blink.dir/C_/Repositories/pico/pico-sdk/src/rp2_common/pico_stdio/stdio.c.obj
 .text.stdio_stack_buffer_flush
                0x100033ac       0x44 CMakeFiles/112_blink.dir/C_/Repositories/pico/pico-sdk/src/rp2_common/pico_stdio/stdio.c.obj
 .text.stdio_buffered_printer
                0x100033f0       0x1a CMakeFiles/112_blink.dir/C_/Repositories/pico/pico-sdk/src/rp2_common/pico_stdio/stdio.c.obj
 *fill*         0x1000340a        0x2 
 .text.stdout_serialize_begin
                0x1000340c       0x30 CMakeFiles/112_blink.dir/C_/Repositories/pico/pico-sdk/src/rp2_common/pico_stdio/stdio.c.obj
                0x1000340c                stdout_serialize_begin
 .text.stdout_serialize_end
                0x1000343c       0x10 CMakeFiles/112_blink.dir/C_/Repositories/pico/pico-sdk/src/rp2_common/pico_stdio/stdio.c.obj
                0x1000343c                stdout_serialize_end
 .text.stdio_put_string
                0x1000344c       0x94 CMakeFiles/112_blink.dir/C_/Repositories/pico/pico-sdk/src/rp2_common/pico_stdio/stdio.c.obj
                0x1000344c                stdio_put_string
 .text.stdio_flush
                0x100034e0       0x20 CMakeFiles/112_blink.dir/C_/Repositories/pico/pico-sdk/src/rp2_common/pico_stdio/stdio.c.obj
                0x100034e0                stdio_flush
 .text.__wrap_puts
                0x10003500       0x1e CMakeFiles/112_blink.dir/C_/Repositories/pico/pico-sdk/src/rp2_common/pico_stdio/stdio.c.obj
                0x10003500                stdio_puts
                0x10003500                __wrap_puts
 *fill*         0x1000351e        0x2 
 .text.__wrap_vprintf
                0x10003520       0x40 CMakeFiles/112_blink.dir/C_/Repositories/pico/pico-sdk/src/rp2_common/pico_stdio/stdio.c.obj
                0x10003520                stdio_vprintf
                0x10003520                __wrap_vprintf
 .text.__wrap_printf
                0x10003560       0x18 CMakeFiles/112_blink.dir/C_/Repositories/pico/pico-sdk/src/rp2_common/pico_stdio/stdio.c.obj
                0x10003560                __wrap_printf
                0x10003560                stdio_printf
 .text.strlen   0x10003578       0x60 C:/Program Files/xpack-arm-none-eabi-gcc-15.2.1-1.1/bin/../lib/gcc/arm-none-eabi/15.2.1/../../../../arm-none-eabi/lib/thumb/v6-m/nofp\libg.a(libc_a-strlen-stub.o)
                0x10003578                strlen
 .text.strlen.__stub
                0x100035d8       0x40 linker stubs
 *(.fini)
 *crtbegin.o(.ctors)
 *crtbegin?.o(.ctors)
 *(EXCLUDE_FILE(*crtend.o *crtend?.o) .ctors)
 *(SORT_BY_NAME(.ctors.*))
 *(.ctors)
 *crtbegin.o(.dtors)
 *crtbegin?.o(.dtors)
 *(EXCLUDE_FILE(*crtend.o *crtend?.o) .dtors)
 *(SORT_BY_NAME(.dtors.*))
 *(.dtors)
                0x10003618                        . = ALIGN (0x4)
                [!provide]                        PROVIDE (__bothinit_array_start = .)
                0x10003618                        PROVIDE (__preinit_array_start = .)
 *(SORT_BY_NAME(.preinit_array.*))
 .preinit_array.00100
                0x10003618        0x4 CMakeFiles/112_blink.dir/C_/Repositories/pico/pico-sdk/src/rp2_common/pico_runtime_init/runtime_init.c.obj
                0x10003618                __pre_init_runtime_init_early_resets
 .preinit_array.00101
                0x1000361c        0x4 CMakeFiles/112_blink.dir/C_/Repositories/pico/pico-sdk/src/rp2_common/pico_runtime_init/runtime_init.c.obj
                0x1000361c                __pre_init_runtime_init_usb_power_down
 .preinit_array.00275
                0x10003620        0x4 CMakeFiles/112_blink.dir/C_/Repositories/pico/pico-sdk/src/rp2_common/pico_bit_ops/bit_ops_aeabi.S.obj
 .preinit_array.00300
                0x10003624        0x4 CMakeFiles/112_blink.dir/C_/Repositories/pico/pico-sdk/src/rp2_common/pico_mem_ops/mem_ops_aeabi.S.obj
 .preinit_array.00350
                0x10003628        0x4 CMakeFiles/112_blink.dir/C_/Repositories/pico/pico-sdk/src/rp2_common/pico_double/double_aeabi_rp2040.S.obj
 .preinit_array.00350
                0x1000362c        0x4 CMakeFiles/112_blink.dir/C_/Repositories/pico/pico-sdk/src/rp2_common/pico_float/float_aeabi_rp2040.S.obj
 .preinit_array.00500
                0x10003630        0x4 CMakeFiles/112_blink.dir/C_/Repositories/pico/pico-sdk/src/rp2_common/pico_runtime_init/runtime_init.c.obj
                0x10003630                __pre_init_runtime_init_clocks
 .preinit_array.00600
                0x10003634        0x4 CMakeFiles/112_blink.dir/C_/Repositories/pico/pico-sdk/src/rp2_common/pico_runtime_init/runtime_init.c.obj
                0x10003634                __pre_init_runtime_init_post_clock_resets
 .preinit_array.00700
                0x10003638        0x4 CMakeFiles/112_blink.dir/C_/Repositories/pico/pico-sdk/src/rp2_common/pico_runtime_init/runtime_init.c.obj
                0x10003638                __pre_init_runtime_init_rp2040_gpio_ie_disable
 .preinit_array.01000
                0x1000363c        0x4 CMakeFiles/112_blink.dir/C_/Repositories/pico/pico-sdk/src/rp2_common/pico_runtime_init/runtime_init.c.obj
                0x1000363c                __pre_init_runtime_init_spin_locks_reset
 .preinit_array.01100
                0x10003640        0x4 CMakeFiles/112_blink.dir/C_/Repositories/pico/pico-sdk/src/common/pico_sync/mutex.c.obj
                0x10003640                __pre_init_runtime_init_mutex
 .preinit_array.10080
                0x10003644        0x4 CMakeFiles/112_blink.dir/C_/Repositories/pico/pico-sdk/src/rp2_common/pico_runtime_init/runtime_init.c.obj
                0x10003644                __pre_init_runtime_init_install_ram_vector_table
 .preinit_array.11000
                0x10003648        0x4 CMakeFiles/112_blink.dir/C_/Repositories/pico/pico-sdk/src/common/pico_time/time.c.obj
                0x10003648                __pre_init_runtime_init_default_alarm_pool
 .preinit_array.YYYYY
                0x1000364c        0x4 CMakeFiles/112_blink.dir/C_/Repositories/pico/pico-sdk/src/rp2_common/pico_runtime/runtime.c.obj
                0x1000364c                __pre_init_first_per_core_initializer
 .preinit_array.ZZZZZ.01200
                0x10003650        0x4 CMakeFiles/112_blink.dir/C_/Repositories/pico/pico-sdk/src/rp2_common/hardware_irq/irq.c.obj
                0x10003650                __pre_init_runtime_init_per_core_irq_priorities
 *(.preinit_array)
                0x10003654                        PROVIDE (__preinit_array_end = .)
                0x10003654                        . = ALIGN (0x4)
                0x10003654                        PROVIDE (__init_array_start = .)
 *(SORT_BY_NAME(.init_array.*))
 *(.init_array)
                0x10003654                        PROVIDE (__init_array_end = .)
                [!provide]                        PROVIDE (__bothinit_array_end = .)
                0x10003654                        . = ALIGN (0x4)
                [!provide]                        PROVIDE (__fini_array_start = .)
 *(SORT_BY_NAME(.fini_array.*))
 *(.fini_array)
                [!provide]                        PROVIDE (__fini_array_end = .)
                [!provide]                        PROVIDE (__dso_handle = 0x0)
 *(.eh_frame*)
                0x10003654                        . = ALIGN (0x4)

.glue_7         0x10003654        0x0
 .glue_7        0x10003654        0x0 linker stubs

.glue_7t        0x10003654        0x0
 .glue_7t       0x10003654        0x0 linker stubs

.vfp11_veneer   0x10003654        0x0
 .vfp11_veneer  0x10003654        0x0 linker stubs

.v4_bx          0x10003654        0x0
 .v4_bx         0x10003654        0x0 linker stubs

.iplt           0x10003654        0x0
 .iplt          0x10003654        0x0 CMakeFiles/112_blink.dir/main.c.obj

.rodata         0x10003658      0x67c
 *(EXCLUDE_FILE(*libm.a: *lib*_a-mem*.o *libc.a: *libgcc.a:) .rodata*)
 .rodata.panic.str1.4
                0x10003658      0x517 CMakeFiles/112_blink.dir/C_/Repositories/pico/pico-sdk/src/rp2_common/pico_platform_panic/panic.c.obj
                                 0x11 (size before relaxing)
 .rodata.resolve_j_16.str1.4
                0x10003b6f        0x0 CMakeFiles/112_blink.dir/C_/Repositories/pico/pico-sdk/src/rp2_common/hardware_irq/irq.c.obj
                                 0x58 (size before relaxing)
 .rodata.irq_set_exclusive_handler.str1.4
                0x10003b6f        0x0 CMakeFiles/112_blink.dir/C_/Repositories/pico/pico-sdk/src/rp2_common/hardware_irq/irq.c.obj
                                 0x36 (size before relaxing)
 *fill*         0x10003b6f        0x1 
 .rodata.__func__.6
                0x10003b70       0x1a CMakeFiles/112_blink.dir/C_/Repositories/pico/pico-sdk/src/rp2_common/hardware_irq/irq.c.obj
 .rodata.runtime_init_mutex.str1.4
                0x10003b8a        0x0 CMakeFiles/112_blink.dir/C_/Repositories/pico/pico-sdk/src/common/pico_sync/mutex.c.obj
                                 0x5b (size before relaxing)
 .rodata.str1.4
                0x10003b8a        0x0 CMakeFiles/112_blink.dir/C_/Repositories/pico/pico-sdk/src/common/pico_sync/mutex.c.obj
                                 0x51 (size before relaxing)
 *fill*         0x10003b8a        0x2 
 .rodata.__func__.1
                0x10003b8c        0xb CMakeFiles/112_blink.dir/C_/Repositories/pico/pico-sdk/src/common/pico_sync/mutex.c.obj
 *fill*         0x10003b97        0x1 
 .rodata.__func__.3
                0x10003b98       0x18 CMakeFiles/112_blink.dir/C_/Repositories/pico/pico-sdk/src/common/pico_sync/mutex.c.obj
 .rodata.__func__.6
                0x10003bb0       0x13 CMakeFiles/112_blink.dir/C_/Repositories/pico/pico-sdk/src/common/pico_sync/mutex.c.obj
 .rodata.alarm_pool_irq_handler.str1.4
                0x10003bc3        0x0 CMakeFiles/112_blink.dir/C_/Repositories/pico/pico-sdk/src/common/pico_time/time.c.obj
                                 0x66 (size before relaxing)
 .rodata.alarm_pool_get_default.str1.4
                0x10003bc3        0x0 CMakeFiles/112_blink.dir/C_/Repositories/pico/pico-sdk/src/common/pico_time/time.c.obj
                                 0x21 (size before relaxing)
 .rodata.sleep_until.str1.4
                0x10003bc3        0x0 CMakeFiles/112_blink.dir/C_/Repositories/pico/pico-sdk/src/common/pico_time/time.c.obj
                                 0x4d (size before relaxing)
 *fill*         0x10003bc3        0x1 
 .rodata.__func__.2
                0x10003bc4       0x17 CMakeFiles/112_blink.dir/C_/Repositories/pico/pico-sdk/src/common/pico_time/time.c.obj
 *fill*         0x10003bdb        0x1 
 .rodata.__func__.3
                0x10003bdc       0x17 CMakeFiles/112_blink.dir/C_/Repositories/pico/pico-sdk/src/common/pico_time/time.c.obj
 .rodata.timer_hardware_alarm_claim.str1.4
                0x10003bf3        0x0 CMakeFiles/112_blink.dir/C_/Repositories/pico/pico-sdk/src/rp2_common/hardware_timer/timer.c.obj
                                 0x22 (size before relaxing)
 .rodata.pll_init.str1.4
                0x10003bf3        0x0 CMakeFiles/112_blink.dir/C_/Repositories/pico/pico-sdk/src/rp2_common/hardware_pll/pll.c.obj
                                0x114 (size before relaxing)
 *fill*         0x10003bf3        0x1 
 .rodata.__func__.0
                0x10003bf4        0x9 CMakeFiles/112_blink.dir/C_/Repositories/pico/pico-sdk/src/rp2_common/hardware_pll/pll.c.obj
 .rodata.__aeabi_double_init.str1.4
                0x10003bfd        0x0 CMakeFiles/112_blink.dir/C_/Repositories/pico/pico-sdk/src/rp2_common/pico_double/double_init_rom_rp2040.c.obj
                                 0x96 (size before relaxing)
 *fill*         0x10003bfd        0x3 
 .rodata.__func__.0
                0x10003c00       0x14 CMakeFiles/112_blink.dir/C_/Repositories/pico/pico-sdk/src/rp2_common/pico_double/double_init_rom_rp2040.c.obj
 .rodata.__aeabi_float_init.str1.4
                0x10003c14        0x0 CMakeFiles/112_blink.dir/C_/Repositories/pico/pico-sdk/src/rp2_common/pico_float/float_init_rom_rp2040.c.obj
                                 0x88 (size before relaxing)
 .rodata.__func__.0
                0x10003c14       0x13 CMakeFiles/112_blink.dir/C_/Repositories/pico/pico-sdk/src/rp2_common/pico_float/float_init_rom_rp2040.c.obj
 .rodata.str1.4
                0x10003c27        0x0 CMakeFiles/112_blink.dir/C_/Repositories/pico/pico-sdk/src/rp2_common/pico_standard_binary_info/standard_binary_info.c.obj
                                 0x40 (size before relaxing)
 *fill*         0x10003c27        0x1 
 .rodata.__bi_84
                0x10003c28        0xc CMakeFiles/112_blink.dir/C_/Repositories/pico/pico-sdk/src/rp2_common/pico_standard_binary_info/standard_binary_info.c.obj
 .rodata.__bi_78
                0x10003c34        0xc CMakeFiles/112_blink.dir/C_/Repositories/pico/pico-sdk/src/rp2_common/pico_standard_binary_info/standard_binary_info.c.obj
 .rodata.__bi_54
                0x10003c40        0xc CMakeFiles/112_blink.dir/C_/Repositories/pico/pico-sdk/src/rp2_common/pico_standard_binary_info/standard_binary_info.c.obj
 .rodata.__bi_48
                0x10003c4c        0xc CMakeFiles/112_blink.dir/C_/Repositories/pico/pico-sdk/src/rp2_common/pico_standard_binary_info/standard_binary_info.c.obj
 .rodata.__bi_42
                0x10003c58        0xc CMakeFiles/112_blink.dir/C_/Repositories/pico/pico-sdk/src/rp2_common/pico_standard_binary_info/standard_binary_info.c.obj
 .rodata.__bi_34
                0x10003c64        0xc CMakeFiles/112_blink.dir/C_/Repositories/pico/pico-sdk/src/rp2_common/pico_standard_binary_info/standard_binary_info.c.obj
 .rodata.__bi_26
                0x10003c70        0xc CMakeFiles/112_blink.dir/C_/Repositories/pico/pico-sdk/src/rp2_common/pico_standard_binary_info/standard_binary_info.c.obj
 .rodata._ftoa.str1.4
                0x10003c7c        0x0 CMakeFiles/112_blink.dir/C_/Repositories/pico/pico-sdk/src/rp2_common/pico_printf/printf.c.obj
                                 0x15 (size before relaxing)
 *fill*         0x10003c7c        0x4 
 .rodata.pow10.0
                0x10003c80       0x50 CMakeFiles/112_blink.dir/C_/Repositories/pico/pico-sdk/src/rp2_common/pico_printf/printf.c.obj
 .rodata.__assert_func.str1.4
                0x10003cd0        0x0 CMakeFiles/112_blink.dir/C_/Repositories/pico/pico-sdk/src/rp2_common/pico_clib_interface/newlib_interface.c.obj
                                 0x43 (size before relaxing)
 .rodata.crlf_str.0
                0x10003cd0        0x2 CMakeFiles/112_blink.dir/C_/Repositories/pico/pico-sdk/src/rp2_common/pico_stdio/stdio.c.obj
 *(.srodata*)
                0x10003cd4                        . = ALIGN (0x4)
 *fill*         0x10003cd2        0x2 
 *(SORT_BY_ALIGNMENT(SORT_BY_NAME(.flashdata*)))
                0x10003cd4                        . = ALIGN (0x4)

.ARM.extab
 *(.ARM.extab* .gnu.linkonce.armextab.*)
                0x10003cd4                        __exidx_start = .

.ARM.exidx
 *(.ARM.exidx* .gnu.linkonce.armexidx.*)
                0x10003cd4                        __exidx_end = .
                0x10003cd4                        . = ALIGN (0x4)
                0x10003cd4                        __binary_info_start = .

.binary_info    0x10003cd4       0x1c
 *(.binary_info.keep.*)
 .binary_info.keep.__bi_ptr84
                0x10003cd4        0x4 CMakeFiles/112_blink.dir/C_/Repositories/pico/pico-sdk/src/rp2_common/pico_standard_binary_info/standard_binary_info.c.obj
 .binary_info.keep.__bi_ptr78
                0x10003cd8        0x4 CMakeFiles/112_blink.dir/C_/Repositories/pico/pico-sdk/src/rp2_common/pico_standard_binary_info/standard_binary_info.c.obj
 .binary_info.keep.__bi_ptr54
                0x10003cdc        0x4 CMakeFiles/112_blink.dir/C_/Repositories/pico/pico-sdk/src/rp2_common/pico_standard_binary_info/standard_binary_info.c.obj
 .binary_info.keep.__bi_ptr48
                0x10003ce0        0x4 CMakeFiles/112_blink.dir/C_/Repositories/pico/pico-sdk/src/rp2_common/pico_standard_binary_info/standard_binary_info.c.obj
 .binary_info.keep.__bi_ptr42
                0x10003ce4        0x4 CMakeFiles/112_blink.dir/C_/Repositories/pico/pico-sdk/src/rp2_common/pico_standard_binary_info/standard_binary_info.c.obj
 .binary_info.keep.__bi_ptr34
                0x10003ce8        0x4 CMakeFiles/112_blink.dir/C_/Repositories/pico/pico-sdk/src/rp2_common/pico_standard_binary_info/standard_binary_info.c.obj
 .binary_info.keep.__bi_ptr26
                0x10003cec        0x4 CMakeFiles/112_blink.dir/C_/Repositories/pico/pico-sdk/src/rp2_common/pico_standard_binary_info/standard_binary_info.c.obj
 *(.binary_info.*)
                0x10003cf0                        __binary_info_end = .
                0x10003cf0                        . = ALIGN (0x4)

.xip_ram        0x15000000        0x0 load address 0x10003cf0
                0x15000000                        __xip_ram_start__ = .
                0x15000000                        . = ALIGN (0x4)
 *(.xip_ram*)
                0x15000000                        . = ALIGN (0x4)
                0x15000000                        __xip_ram_end__ = .
                0x10003cf0                        __xip_ram_source__ = LOADADDR (.xip_ram)

.ram_vector_table
                0x20000000       0xc0
 *(.ram_vector_table)
 .ram_vector_table
                0x20000000       0xc0 CMakeFiles/112_blink.dir/C_/Repositories/pico/pico-sdk/src/rp2_common/pico_runtime_init/runtime_init.c.obj
                0x20000000                ram_vector_table

.uninitialized_data
                0x200000c0        0x0
                0x200000c0                        . = ALIGN (0x4)
 *(.uninitialized_data*)

.data           0x200000c0      0x1c8 load address 0x10003cf0
                0x200000c0                        __data_start__ = .
 *(vtable)
 *(.time_critical*)
 .time_critical.mutex_try_enter
                0x200000c0       0x4a CMakeFiles/112_blink.dir/C_/Repositories/pico/pico-sdk/src/common/pico_sync/mutex.c.obj
                0x200000c0                mutex_try_enter
 *fill*         0x2000010a        0x2 
 .time_critical.mutex_enter_block_until
                0x2000010c       0x7c CMakeFiles/112_blink.dir/C_/Repositories/pico/pico-sdk/src/common/pico_sync/mutex.c.obj
                0x2000010c                mutex_enter_block_until
 .time_critical.mutex_try_enter_block_until
                0x20000188       0x34 CMakeFiles/112_blink.dir/C_/Repositories/pico/pico-sdk/src/common/pico_sync/mutex.c.obj
                0x20000188                mutex_try_enter_block_until
 .time_critical.mutex_exit
                0x200001bc       0x4c CMakeFiles/112_blink.dir/C_/Repositories/pico/pico-sdk/src/common/pico_sync/mutex.c.obj
                0x200001bc                mutex_exit
 *(.text*)
 .text          0x20000208        0x4 C:/Program Files/xpack-arm-none-eabi-gcc-15.2.1-1.1/bin/../lib/gcc/arm-none-eabi/15.2.1/thumb/v6-m/nofp\libgcc.a(_dvmd_tls.o)
                0x20000208                __aeabi_idiv0
                0x20000208                __aeabi_ldiv0
 *fill*         0x2000020c        0x4 
 .text.__stub   0x20000210       0x20 linker stubs
                0x20000230                        . = ALIGN (0x4)
 *(.rodata*)
                0x20000230                        . = ALIGN (0x4)
                0x20000230                        PROVIDE (__emutls_array_start = .)
 *(.*.__emutls_v.*)
                0x20000230                        PROVIDE (__emutls_array_end = .)
                0x20000230                        . = ALIGN (0x4)
 *(.data*)
 .data.striped_spin_lock_num
                0x20000230        0x1 CMakeFiles/112_blink.dir/C_/Repositories/pico/pico-sdk/src/rp2_common/hardware_sync/sync.c.obj
 *fill*         0x20000231        0x7 
 .data.last_added.0
                0x20000238        0x8 CMakeFiles/112_blink.dir/C_/Repositories/pico/pico-sdk/src/common/pico_time/time.c.obj
 .data.default_alarm_pool
                0x20000240       0x18 CMakeFiles/112_blink.dir/C_/Repositories/pico/pico-sdk/src/common/pico_time/time.c.obj
 *fill*         0x20000258        0x8 
 .data.aeabi_bits_funcs
                0x20000260       0x10 CMakeFiles/112_blink.dir/C_/Repositories/pico/pico-sdk/src/rp2_common/pico_bit_ops/bit_ops_aeabi.S.obj
                0x20000260                aeabi_bits_funcs
                0x20000270                aeabi_bits_funcs_end
 .data.aeabi_mem_funcs
                0x20000270       0x10 CMakeFiles/112_blink.dir/C_/Repositories/pico/pico-sdk/src/rp2_common/pico_mem_ops/mem_ops_aeabi.S.obj
                0x20000270                aeabi_mem_funcs
                0x20000280                aeabi_mem_funcs_end
 *(.sdata*)
                0x20000280                        . = ALIGN (0x4)
 *(.after_data.*)
                0x20000280                        . = ALIGN (0x4)
                0x20000280                        PROVIDE (__mutex_array_start = .)
 *(SORT_BY_NAME(.mutex_array.*))
 *(.mutex_array)
 .mutex_array   0x20000280        0x8 CMakeFiles/112_blink.dir/C_/Repositories/pico/pico-sdk/src/rp2_common/pico_stdio/stdio.c.obj
                0x20000288                        PROVIDE (__mutex_array_end = .)
 *(.jcr)
                0x20000288                        . = ALIGN (0x4)

.igot.plt       0x20000288        0x0 load address 0x10003eb8
 .igot.plt      0x20000288        0x0 CMakeFiles/112_blink.dir/main.c.obj

.tdata          0x20000288        0x0 load address 0x10003eb8
                0x20000288                        . = ALIGN (0x4)
 *(.tdata .tdata.* .gnu.linkonce.td.*)
                0x20000288                        __tdata_end = .
                0x20000288                        PROVIDE (__data_end__ = .)
                0x10003cf0                        __etext = LOADADDR (.data)
                0x20000288                        . = ALIGN (0x4)

.tbss           0x20000288        0x0 load address 0x10003eb8
                0x20000288                        __bss_start__ = .
                0x20000288                        __tls_base = .
 *(.tbss .tbss.* .gnu.linkonce.tb.*)
 *(.tcommon)
                0x20000288                        . = ALIGN (0x4)
                0x20000288                        __tls_end = .

.tbss_space     0x20000288        0x0 load address 0x10003eb8
                0x20000288                        . = (__bss_start__ + SIZEOF (.tbss))

.bss            0x20000288      0x3cc load address 0x10003eb8
                0x20000288                        . = ALIGN (0x4)
                0x20000288                        __tbss_end = .
 *(SORT_BY_ALIGNMENT(SORT_BY_NAME(.bss*)))
 .bss.default_alarm_pool_entries
                0x20000288      0x180 CMakeFiles/112_blink.dir/C_/Repositories/pico/pico-sdk/src/common/pico_time/time.c.obj
 .bss.claimed   0x20000408        0x1 CMakeFiles/112_blink.dir/C_/Repositories/pico/pico-sdk/src/rp2_common/hardware_timer/timer.c.obj
 *fill*         0x20000409        0x3 
 .bss.configured_freq
                0x2000040c       0x28 CMakeFiles/112_blink.dir/C_/Repositories/pico/pico-sdk/src/rp2_common/hardware_clocks/clocks.c.obj
 .bss.drivers   0x20000434        0x4 CMakeFiles/112_blink.dir/C_/Repositories/pico/pico-sdk/src/rp2_common/pico_stdio/stdio.c.obj
 .bss.filter    0x20000438        0x4 CMakeFiles/112_blink.dir/C_/Repositories/pico/pico-sdk/src/rp2_common/pico_stdio/stdio.c.obj
 .bss.pools     0x2000043c       0x10 CMakeFiles/112_blink.dir/C_/Repositories/pico/pico-sdk/src/common/pico_time/time.c.obj
 .bss.sd_table  0x2000044c      0x100 CMakeFiles/112_blink.dir/C_/Repositories/pico/pico-sdk/src/rp2_common/pico_double/double_init_rom_rp2040.c.obj
                0x2000044c                sd_table
 .bss.sf_clz_func
                0x2000054c        0x4 CMakeFiles/112_blink.dir/C_/Repositories/pico/pico-sdk/src/rp2_common/pico_double/double_init_rom_rp2040.c.obj
                0x2000054c                sf_clz_func
 .bss.sf_table  0x20000550      0x100 CMakeFiles/112_blink.dir/C_/Repositories/pico/pico-sdk/src/rp2_common/pico_float/float_init_rom_rp2040.c.obj
                0x20000550                sf_table
 .bss.sleep_notifier
                0x20000650        0x4 CMakeFiles/112_blink.dir/C_/Repositories/pico/pico-sdk/src/common/pico_time/time.c.obj
 *(COMMON)
                [!provide]                        PROVIDE (__global_pointer$ = (. + 0x800))
 *(.sbss*)
                0x20000654                        . = ALIGN (0x4)
                0x20000654                        __bss_end__ = .
                [!provide]                        PROVIDE (__tls_start = SIZEOF (.tdata)?ADDR (.tdata):ADDR (.tbss))
                [!provide]                        PROVIDE (__tls_size = (__tls_end - __tls_start))
                [!provide]                        PROVIDE (__tls_align = MAX (ALIGNOF (.tdata), ALIGNOF (.tbss)))
                [!provide]                        PROVIDE (__tls_size_align = ALIGN (__tls_size, __tls_align))
                [!provide]                        PROVIDE (__arm32_tls_tcb_offset = MAX (0x8, __tls_align))
                [!provide]                        PROVIDE (__tdata_size = SIZEOF (.tdata))
                [!provide]                        PROVIDE (__tdata_source = LOADADDR (.tdata))
                [!provide]                        PROVIDE (__tbss_size = SIZEOF (.tbss))
                [!provide]                        PROVIDE (__tbss_offset = (ADDR (.tbss) - __tls_start))

.tlsX_not_needed_marker
 *(.tlsX_not_needed_marker)
                [!provide]                        PROVIDE (__tlsX_align = (SIZEOF (.tlsX_not_needed_marker) > 0x0)?0x4:__tls_align)
                [!provide]                        PROVIDE (__tlsX_size_align = (SIZEOF (.tlsX_not_needed_marker) > 0x0)?0x0:__tls_size_align)
                0x20000288                        __tls_start = DEFINED (__tls_start)?__tls_start:SIZEOF (.tdata)?ADDR (.tdata):ADDR (.tbss)
                0x00000000                        __tls_size = DEFINED (__tls_size)?__tls_size:(__tls_end - __tls_start)
                0x00000001                        __tls_align = DEFINED (__tls_align)?__tls_align:MAX (ALIGNOF (.tdata), ALIGNOF (.tbss))
                0x00000000                        __tls_size_align = DEFINED (__tls_size_align)?__tls_size_align:ALIGN (__tls_size, __tls_align)
                0x00000008                        __arm32_tls_tcb_offset = DEFINED (__arm32_tls_tcb_offset)?__arm32_tls_tcb_offset:MAX (0x8, __tls_align)
                0x00000000                        __tdata_size = DEFINED (__tdata_size)?__tdata_size:SIZEOF (.tdata)
                0x10003eb8                        __tdata_source = DEFINED (__tdata_source)?__tdata_source:LOADADDR (.tdata)
                0x00000000                        __tbss_size = DEFINED (__tbss_size)?__tbss_size:SIZEOF (.tbss)
                0x00000000                        __tbss_offset = DEFINED (__tbss_offset)?__tbss_offset:(ADDR (.tbss) - __tls_start)
                0x00000001                        __tlsX_align = DEFINED (__tlsX_align)?__tlsX_align:(SIZEOF (.tlsX_not_needed_marker) > 0x0)?0x4:__tls_align
                0x00000000                        __tlsX_size_align = DEFINED (__tlsX_size_align)?__tlsX_size_align:(SIZEOF (.tlsX_not_needed_marker) > 0x0)?0x0:__tls_size_align

.tls0           0x20000654        0x0 load address 0x10003eb8
                0x20000654                        . = ALIGN (__tlsX_align)
                [!provide]                        PROVIDE (__tls0_base = .)
                0x20000654                        . = (. + __tlsX_size_align)

.tls1           0x20000654        0x0 load address 0x10003eb8
                0x20000654                        . = ALIGN (__tlsX_align)
                [!provide]                        PROVIDE (__tls1_base = .)
                0x20000654                        . = (. + __tlsX_size_align)

.persistent_data
                0x20000654        0x0 load address 0x10003eb8
                0x20000654                        __persistent_data_start__ = .
 *(.persistent_data*)
                0x20000654                        . = ALIGN (0x4)
                [!provide]                        PROVIDE (__persistent_data_end__ = .)

.dummy_pre_heap
                0x20000654        0x0 load address 0x10003eb8
                0x20000654                        . = .

.heap           0x20000654      0x800
                0x20000654                        __end__ = .
                0x20000654                        end = __end__
 *(.heap*)
 .heap          0x20000654      0x800 CMakeFiles/112_blink.dir/C_/Repositories/pico/pico-sdk/src/rp2_common/pico_crt0/crt0.S.obj
                0x20040000                        __HeapLimit = DEFINED (HEAP_LIMIT)?HEAP_LIMIT:(ORIGIN (RAM) + LENGTH (RAM))

.scratch_x      0x20040000        0x0 load address 0x10003eb8
                0x20040000                        __scratch_x_start__ = .
 *(.scratch_x.*)
                0x20040000                        . = ALIGN (0x4)
                0x20040000                        __scratch_x_end__ = .
                0x10003eb8                        __scratch_x_source__ = LOADADDR (.scratch_x)

.scratch_y      0x20041000        0x0 load address 0x10003eb8
                0x20041000                        __scratch_y_start__ = .
 *(.scratch_y.*)
                0x20041000                        . = ALIGN (0x4)
                0x20041000                        __scratch_y_end__ = .
                0x10003eb8                        __scratch_y_source__ = LOADADDR (.scratch_y)

.stack1_dummy
 *(.stack1*)

.stack_dummy    0x20041000      0x800
 *(.stack*)
 .stack         0x20041000      0x800 CMakeFiles/112_blink.dir/C_/Repositories/pico/pico-sdk/src/rp2_common/pico_crt0/crt0.S.obj

.rel.dyn        0x20041800        0x0
 .rel.iplt      0x20041800        0x0 CMakeFiles/112_blink.dir/main.c.obj

.flash_end      0x10003eb8        0x0
 *(.embedded_end_block*)
                0x10003eb8                        PROVIDE (__flash_binary_end = .)
                0x20040000                        __StackLimit = (ORIGIN (RAM) + LENGTH (RAM))
                0x20041000                        __StackOneTop = (ORIGIN (SCRATCH_X) + LENGTH (SCRATCH_X))
                0x20042000                        __StackTop = (ORIGIN (SCRATCH_Y) + LENGTH (SCRATCH_Y))
                0x20041000                        __StackOneBottom = (__StackOneTop - SIZEOF (.stack1_dummy))
                0x20041800                        __StackBottom = (__StackTop - SIZEOF (.stack_dummy))
                [!provide]                        PROVIDE (__stack = __StackTop)
                [!provide]                        PROVIDE (__heap_start = __end__)
                [!provide]                        PROVIDE (__heap_end = __HeapLimit)
                [!provide]                        PROVIDE (__tls_align = MAX (ALIGNOF (.tdata), ALIGNOF (.tbss)))
                [!provide]                        PROVIDE (__tls_size_align = (((__tls_size + __tls_align) - 0x1) & ~ ((__tls_align - 0x1))))
                [!provide]                        PROVIDE (__arm32_tls_tcb_offset = MAX (0x8, __tls_align))
                [!provide]                        PROVIDE (_end = __end__)
                [!provide]                        PROVIDE (__llvm_libc_heap_limit = __HeapLimit)
                0x00000001                        ASSERT ((__StackLimit >= __HeapLimit), region RAM overflowed)
                0x00000001                        ASSERT (((__binary_info_header_end - __logical_binary_start) <= 0x100), Binary info must be in first 256 bytes of the binary)
OUTPUT(112_blink.elf elf32-littlearm)
LOAD linker stubs

.debug_info     0x00000000    0x14920
 .debug_info    0x00000000      0x8bb CMakeFiles/112_blink.dir/main.c.obj
 .debug_info    0x000008bb     0x1df4 CMakeFiles/112_blink.dir/C_/Repositories/pico/pico-sdk/src/rp2_common/hardware_gpio/gpio.c.obj
 .debug_info    0x000026af      0x1b9 CMakeFiles/112_blink.dir/C_/Repositories/pico/pico-sdk/src/rp2_common/pico_platform_panic/panic.c.obj
 .debug_info    0x00002868      0x6b2 CMakeFiles/112_blink.dir/C_/Repositories/pico/pico-sdk/src/common/hardware_claim/claim.c.obj
 .debug_info    0x00002f1a      0x46b CMakeFiles/112_blink.dir/C_/Repositories/pico/pico-sdk/src/rp2_common/hardware_sync/sync.c.obj
 .debug_info    0x00003385      0x2fa CMakeFiles/112_blink.dir/C_/Repositories/pico/pico-sdk/src/rp2_common/hardware_sync_spin_lock/sync_spin_lock.c.obj
 .debug_info    0x0000367f     0x211a CMakeFiles/112_blink.dir/C_/Repositories/pico/pico-sdk/src/rp2_common/hardware_irq/irq.c.obj
 .debug_info    0x00005799      0x1b6 CMakeFiles/112_blink.dir/C_/Repositories/pico/pico-sdk/src/common/pico_sync/lock_core.c.obj
 .debug_info    0x0000594f     0x1e32 CMakeFiles/112_blink.dir/C_/Repositories/pico/pico-sdk/src/common/pico_sync/mutex.c.obj
 .debug_info    0x00007781     0x34dd CMakeFiles/112_blink.dir/C_/Repositories/pico/pico-sdk/src/common/pico_time/time.c.obj
 .debug_info    0x0000ac5e     0x19d3 CMakeFiles/112_blink.dir/C_/Repositories/pico/pico-sdk/src/rp2_common/hardware_timer/timer.c.obj
 .debug_info    0x0000c631     0x1b8c CMakeFiles/112_blink.dir/C_/Repositories/pico/pico-sdk/src/rp2_common/hardware_clocks/clocks.c.obj
 .debug_info    0x0000e1bd      0x660 CMakeFiles/112_blink.dir/C_/Repositories/pico/pico-sdk/src/rp2_common/hardware_pll/pll.c.obj
 .debug_info    0x0000e81d      0x2b7 CMakeFiles/112_blink.dir/C_/Repositories/pico/pico-sdk/src/rp2_common/hardware_ticks/ticks.c.obj
 .debug_info    0x0000ead4      0x496 CMakeFiles/112_blink.dir/C_/Repositories/pico/pico-sdk/src/rp2_common/pico_bootrom/bootrom.c.obj
 .debug_info    0x0000ef6a      0x1d5 CMakeFiles/112_blink.dir/C_/Repositories/pico/pico-sdk/src/rp2_common/hardware_xosc/xosc.c.obj
 .debug_info    0x0000f13f      0x1c1 CMakeFiles/112_blink.dir/C_/Repositories/pico/pico-sdk/src/rp2_common/pico_runtime/runtime.c.obj
 .debug_info    0x0000f300      0x80a CMakeFiles/112_blink.dir/C_/Repositories/pico/pico-sdk/src/rp2_common/pico_runtime_init/runtime_init.c.obj
 .debug_info    0x0000fb0a      0x76b CMakeFiles/112_blink.dir/C_/Repositories/pico/pico-sdk/src/rp2_common/pico_runtime_init/runtime_init_clocks.c.obj
 .debug_info    0x00010275       0x23 CMakeFiles/112_blink.dir/C_/Repositories/pico/pico-sdk/src/rp2_common/pico_bit_ops/bit_ops_aeabi.S.obj
 .debug_info    0x00010298       0x23 CMakeFiles/112_blink.dir/C_/Repositories/pico/pico-sdk/src/rp2_common/pico_divider/divider_hardware.S.obj
 .debug_info    0x000102bb       0x23 CMakeFiles/112_blink.dir/C_/Repositories/pico/pico-sdk/src/rp2_common/pico_double/double_aeabi_rp2040.S.obj
 .debug_info    0x000102de      0x35a CMakeFiles/112_blink.dir/C_/Repositories/pico/pico-sdk/src/rp2_common/pico_double/double_init_rom_rp2040.c.obj
 .debug_info    0x00010638       0x23 CMakeFiles/112_blink.dir/C_/Repositories/pico/pico-sdk/src/rp2_common/pico_double/double_v1_rom_shim_rp2040.S.obj
 .debug_info    0x0001065b       0x24 CMakeFiles/112_blink.dir/C_/Repositories/pico/pico-sdk/src/rp2_common/pico_int64_ops/pico_int64_ops_aeabi.S.obj
 .debug_info    0x0001067f       0x23 CMakeFiles/112_blink.dir/C_/Repositories/pico/pico-sdk/src/rp2_common/pico_float/float_aeabi_rp2040.S.obj
 .debug_info    0x000106a2      0x35b CMakeFiles/112_blink.dir/C_/Repositories/pico/pico-sdk/src/rp2_common/pico_float/float_init_rom_rp2040.c.obj
 .debug_info    0x000109fd       0x23 CMakeFiles/112_blink.dir/C_/Repositories/pico/pico-sdk/src/rp2_common/pico_float/float_v1_rom_shim_rp2040.S.obj
 .debug_info    0x00010a20       0x23 CMakeFiles/112_blink.dir/C_/Repositories/pico/pico-sdk/src/rp2_common/pico_mem_ops/mem_ops_aeabi.S.obj
 .debug_info    0x00010a43      0x2b1 CMakeFiles/112_blink.dir/C_/Repositories/pico/pico-sdk/src/rp2_common/pico_standard_binary_info/standard_binary_info.c.obj
 .debug_info    0x00010cf4     0x19e5 CMakeFiles/112_blink.dir/C_/Repositories/pico/pico-sdk/src/rp2_common/pico_printf/printf.c.obj
 .debug_info    0x000126d9       0x23 CMakeFiles/112_blink.dir/C_/Repositories/pico/pico-sdk/src/rp2_common/pico_crt0/crt0.S.obj
 .debug_info    0x000126fc      0xc1c CMakeFiles/112_blink.dir/C_/Repositories/pico/pico-sdk/src/rp2_common/pico_clib_interface/newlib_interface.c.obj
 .debug_info    0x00013318     0x15cc CMakeFiles/112_blink.dir/C_/Repositories/pico/pico-sdk/src/rp2_common/pico_stdio/stdio.c.obj
 .debug_info    0x000148e4       0x3c C:/Program Files/xpack-arm-none-eabi-gcc-15.2.1-1.1/bin/../lib/gcc/arm-none-eabi/15.2.1/thumb/v6-m/nofp\libgcc.a(_dvmd_tls.o)

.debug_abbrev   0x00000000     0x4694
 .debug_abbrev  0x00000000      0x1da CMakeFiles/112_blink.dir/main.c.obj
 .debug_abbrev  0x000001da      0x43a CMakeFiles/112_blink.dir/C_/Repositories/pico/pico-sdk/src/rp2_common/hardware_gpio/gpio.c.obj
 .debug_abbrev  0x00000614      0x133 CMakeFiles/112_blink.dir/C_/Repositories/pico/pico-sdk/src/rp2_common/pico_platform_panic/panic.c.obj
 .debug_abbrev  0x00000747      0x2af CMakeFiles/112_blink.dir/C_/Repositories/pico/pico-sdk/src/common/hardware_claim/claim.c.obj
 .debug_abbrev  0x000009f6      0x1fc CMakeFiles/112_blink.dir/C_/Repositories/pico/pico-sdk/src/rp2_common/hardware_sync/sync.c.obj
 .debug_abbrev  0x00000bf2      0x1e9 CMakeFiles/112_blink.dir/C_/Repositories/pico/pico-sdk/src/rp2_common/hardware_sync_spin_lock/sync_spin_lock.c.obj
 .debug_abbrev  0x00000ddb      0x5c8 CMakeFiles/112_blink.dir/C_/Repositories/pico/pico-sdk/src/rp2_common/hardware_irq/irq.c.obj
 .debug_abbrev  0x000013a3      0x11c CMakeFiles/112_blink.dir/C_/Repositories/pico/pico-sdk/src/common/pico_sync/lock_core.c.obj
 .debug_abbrev  0x000014bf      0x435 CMakeFiles/112_blink.dir/C_/Repositories/pico/pico-sdk/src/common/pico_sync/mutex.c.obj
 .debug_abbrev  0x000018f4      0x64d CMakeFiles/112_blink.dir/C_/Repositories/pico/pico-sdk/src/common/pico_time/time.c.obj
 .debug_abbrev  0x00001f41      0x47e CMakeFiles/112_blink.dir/C_/Repositories/pico/pico-sdk/src/rp2_common/hardware_timer/timer.c.obj
 .debug_abbrev  0x000023bf      0x4ef CMakeFiles/112_blink.dir/C_/Repositories/pico/pico-sdk/src/rp2_common/hardware_clocks/clocks.c.obj
 .debug_abbrev  0x000028ae      0x214 CMakeFiles/112_blink.dir/C_/Repositories/pico/pico-sdk/src/rp2_common/hardware_pll/pll.c.obj
 .debug_abbrev  0x00002ac2      0x158 CMakeFiles/112_blink.dir/C_/Repositories/pico/pico-sdk/src/rp2_common/hardware_ticks/ticks.c.obj
 .debug_abbrev  0x00002c1a      0x1af CMakeFiles/112_blink.dir/C_/Repositories/pico/pico-sdk/src/rp2_common/pico_bootrom/bootrom.c.obj
 .debug_abbrev  0x00002dc9      0x123 CMakeFiles/112_blink.dir/C_/Repositories/pico/pico-sdk/src/rp2_common/hardware_xosc/xosc.c.obj
 .debug_abbrev  0x00002eec      0x14f CMakeFiles/112_blink.dir/C_/Repositories/pico/pico-sdk/src/rp2_common/pico_runtime/runtime.c.obj
 .debug_abbrev  0x0000303b      0x25e CMakeFiles/112_blink.dir/C_/Repositories/pico/pico-sdk/src/rp2_common/pico_runtime_init/runtime_init.c.obj
 .debug_abbrev  0x00003299      0x2d4 CMakeFiles/112_blink.dir/C_/Repositories/pico/pico-sdk/src/rp2_common/pico_runtime_init/runtime_init_clocks.c.obj
 .debug_abbrev  0x0000356d       0x12 CMakeFiles/112_blink.dir/C_/Repositories/pico/pico-sdk/src/rp2_common/pico_bit_ops/bit_ops_aeabi.S.obj
 .debug_abbrev  0x0000357f       0x12 CMakeFiles/112_blink.dir/C_/Repositories/pico/pico-sdk/src/rp2_common/pico_divider/divider_hardware.S.obj
 .debug_abbrev  0x00003591       0x12 CMakeFiles/112_blink.dir/C_/Repositories/pico/pico-sdk/src/rp2_common/pico_double/double_aeabi_rp2040.S.obj
 .debug_abbrev  0x000035a3      0x1b1 CMakeFiles/112_blink.dir/C_/Repositories/pico/pico-sdk/src/rp2_common/pico_double/double_init_rom_rp2040.c.obj
 .debug_abbrev  0x00003754       0x12 CMakeFiles/112_blink.dir/C_/Repositories/pico/pico-sdk/src/rp2_common/pico_double/double_v1_rom_shim_rp2040.S.obj
 .debug_abbrev  0x00003766       0x14 CMakeFiles/112_blink.dir/C_/Repositories/pico/pico-sdk/src/rp2_common/pico_int64_ops/pico_int64_ops_aeabi.S.obj
 .debug_abbrev  0x0000377a       0x12 CMakeFiles/112_blink.dir/C_/Repositories/pico/pico-sdk/src/rp2_common/pico_float/float_aeabi_rp2040.S.obj
 .debug_abbrev  0x0000378c      0x1b4 CMakeFiles/112_blink.dir/C_/Repositories/pico/pico-sdk/src/rp2_common/pico_float/float_init_rom_rp2040.c.obj
 .debug_abbrev  0x00003940       0x12 CMakeFiles/112_blink.dir/C_/Repositories/pico/pico-sdk/src/rp2_common/pico_float/float_v1_rom_shim_rp2040.S.obj
 .debug_abbrev  0x00003952       0x12 CMakeFiles/112_blink.dir/C_/Repositories/pico/pico-sdk/src/rp2_common/pico_mem_ops/mem_ops_aeabi.S.obj
 .debug_abbrev  0x00003964       0xbe CMakeFiles/112_blink.dir/C_/Repositories/pico/pico-sdk/src/rp2_common/pico_standard_binary_info/standard_binary_info.c.obj
 .debug_abbrev  0x00003a22      0x394 CMakeFiles/112_blink.dir/C_/Repositories/pico/pico-sdk/src/rp2_common/pico_printf/printf.c.obj
 .debug_abbrev  0x00003db6       0x12 CMakeFiles/112_blink.dir/C_/Repositories/pico/pico-sdk/src/rp2_common/pico_crt0/crt0.S.obj
 .debug_abbrev  0x00003dc8      0x379 CMakeFiles/112_blink.dir/C_/Repositories/pico/pico-sdk/src/rp2_common/pico_clib_interface/newlib_interface.c.obj
 .debug_abbrev  0x00004141      0x52d CMakeFiles/112_blink.dir/C_/Repositories/pico/pico-sdk/src/rp2_common/pico_stdio/stdio.c.obj
 .debug_abbrev  0x0000466e       0x26 C:/Program Files/xpack-arm-none-eabi-gcc-15.2.1-1.1/bin/../lib/gcc/arm-none-eabi/15.2.1/thumb/v6-m/nofp\libgcc.a(_dvmd_tls.o)

.debug_loclists
                0x00000000     0x8463
 .debug_loclists
                0x00000000       0xa8 CMakeFiles/112_blink.dir/main.c.obj
 .debug_loclists
                0x000000a8      0xead CMakeFiles/112_blink.dir/C_/Repositories/pico/pico-sdk/src/rp2_common/hardware_gpio/gpio.c.obj
 .debug_loclists
                0x00000f55      0x2a4 CMakeFiles/112_blink.dir/C_/Repositories/pico/pico-sdk/src/common/hardware_claim/claim.c.obj
 .debug_loclists
                0x000011f9       0xe6 CMakeFiles/112_blink.dir/C_/Repositories/pico/pico-sdk/src/rp2_common/hardware_sync/sync.c.obj
 .debug_loclists
                0x000012df       0xa8 CMakeFiles/112_blink.dir/C_/Repositories/pico/pico-sdk/src/rp2_common/hardware_sync_spin_lock/sync_spin_lock.c.obj
 .debug_loclists
                0x00001387      0xdd9 CMakeFiles/112_blink.dir/C_/Repositories/pico/pico-sdk/src/rp2_common/hardware_irq/irq.c.obj
 .debug_loclists
                0x00002160       0x50 CMakeFiles/112_blink.dir/C_/Repositories/pico/pico-sdk/src/common/pico_sync/lock_core.c.obj
 .debug_loclists
                0x000021b0      0xa0c CMakeFiles/112_blink.dir/C_/Repositories/pico/pico-sdk/src/common/pico_sync/mutex.c.obj
 .debug_loclists
                0x00002bbc     0x17c9 CMakeFiles/112_blink.dir/C_/Repositories/pico/pico-sdk/src/common/pico_time/time.c.obj
 .debug_loclists
                0x00004385      0x9db CMakeFiles/112_blink.dir/C_/Repositories/pico/pico-sdk/src/rp2_common/hardware_timer/timer.c.obj
 .debug_loclists
                0x00004d60      0xbe1 CMakeFiles/112_blink.dir/C_/Repositories/pico/pico-sdk/src/rp2_common/hardware_clocks/clocks.c.obj
 .debug_loclists
                0x00005941      0x23b CMakeFiles/112_blink.dir/C_/Repositories/pico/pico-sdk/src/rp2_common/hardware_pll/pll.c.obj
 .debug_loclists
                0x00005b7c       0x47 CMakeFiles/112_blink.dir/C_/Repositories/pico/pico-sdk/src/rp2_common/hardware_ticks/ticks.c.obj
 .debug_loclists
                0x00005bc3      0x214 CMakeFiles/112_blink.dir/C_/Repositories/pico/pico-sdk/src/rp2_common/pico_bootrom/bootrom.c.obj
 .debug_loclists
                0x00005dd7       0x48 CMakeFiles/112_blink.dir/C_/Repositories/pico/pico-sdk/src/rp2_common/hardware_xosc/xosc.c.obj
 .debug_loclists
                0x00005e1f       0x58 CMakeFiles/112_blink.dir/C_/Repositories/pico/pico-sdk/src/rp2_common/pico_runtime/runtime.c.obj
 .debug_loclists
                0x00005e77       0xd0 CMakeFiles/112_blink.dir/C_/Repositories/pico/pico-sdk/src/rp2_common/pico_runtime_init/runtime_init.c.obj
 .debug_loclists
                0x00005f47       0x84 CMakeFiles/112_blink.dir/C_/Repositories/pico/pico-sdk/src/rp2_common/pico_runtime_init/runtime_init_clocks.c.obj
 .debug_loclists
                0x00005fcb       0x60 CMakeFiles/112_blink.dir/C_/Repositories/pico/pico-sdk/src/rp2_common/pico_double/double_init_rom_rp2040.c.obj
 .debug_loclists
                0x0000602b       0x4f CMakeFiles/112_blink.dir/C_/Repositories/pico/pico-sdk/src/rp2_common/pico_float/float_init_rom_rp2040.c.obj
 .debug_loclists
                0x0000607a     0x182f CMakeFiles/112_blink.dir/C_/Repositories/pico/pico-sdk/src/rp2_common/pico_printf/printf.c.obj
 .debug_loclists
                0x000078a9      0x402 CMakeFiles/112_blink.dir/C_/Repositories/pico/pico-sdk/src/rp2_common/pico_clib_interface/newlib_interface.c.obj
 .debug_loclists
                0x00007cab      0x7b8 CMakeFiles/112_blink.dir/C_/Repositories/pico/pico-sdk/src/rp2_common/pico_stdio/stdio.c.obj

.debug_aranges  0x00000000      0xf60
 .debug_aranges
                0x00000000       0x20 CMakeFiles/112_blink.dir/main.c.obj
 .debug_aranges
                0x00000020      0x118 CMakeFiles/112_blink.dir/C_/Repositories/pico/pico-sdk/src/rp2_common/hardware_gpio/gpio.c.obj
 .debug_aranges
                0x00000138       0x28 CMakeFiles/112_blink.dir/C_/Repositories/pico/pico-sdk/src/rp2_common/pico_platform_panic/panic.c.obj
 .debug_aranges
                0x00000160       0x48 CMakeFiles/112_blink.dir/C_/Repositories/pico/pico-sdk/src/common/hardware_claim/claim.c.obj
 .debug_aranges
                0x000001a8       0x48 CMakeFiles/112_blink.dir/C_/Repositories/pico/pico-sdk/src/rp2_common/hardware_sync/sync.c.obj
 .debug_aranges
                0x000001f0       0x28 CMakeFiles/112_blink.dir/C_/Repositories/pico/pico-sdk/src/rp2_common/hardware_sync_spin_lock/sync_spin_lock.c.obj
 .debug_aranges
                0x00000218       0xf8 CMakeFiles/112_blink.dir/C_/Repositories/pico/pico-sdk/src/rp2_common/hardware_irq/irq.c.obj
 .debug_aranges
                0x00000310       0x20 CMakeFiles/112_blink.dir/C_/Repositories/pico/pico-sdk/src/common/pico_sync/lock_core.c.obj
 .debug_aranges
                0x00000330       0x98 CMakeFiles/112_blink.dir/C_/Repositories/pico/pico-sdk/src/common/pico_sync/mutex.c.obj
 .debug_aranges
                0x000003c8      0x118 CMakeFiles/112_blink.dir/C_/Repositories/pico/pico-sdk/src/common/pico_time/time.c.obj
 .debug_aranges
                0x000004e0       0xf0 CMakeFiles/112_blink.dir/C_/Repositories/pico/pico-sdk/src/rp2_common/hardware_timer/timer.c.obj
 .debug_aranges
                0x000005d0       0xc0 CMakeFiles/112_blink.dir/C_/Repositories/pico/pico-sdk/src/rp2_common/hardware_clocks/clocks.c.obj
 .debug_aranges
                0x00000690       0x28 CMakeFiles/112_blink.dir/C_/Repositories/pico/pico-sdk/src/rp2_common/hardware_pll/pll.c.obj
 .debug_aranges
                0x000006b8       0x30 CMakeFiles/112_blink.dir/C_/Repositories/pico/pico-sdk/src/rp2_common/hardware_ticks/ticks.c.obj
 .debug_aranges
                0x000006e8       0x40 CMakeFiles/112_blink.dir/C_/Repositories/pico/pico-sdk/src/rp2_common/pico_bootrom/bootrom.c.obj
 .debug_aranges
                0x00000728       0x30 CMakeFiles/112_blink.dir/C_/Repositories/pico/pico-sdk/src/rp2_common/hardware_xosc/xosc.c.obj
 .debug_aranges
                0x00000758       0x40 CMakeFiles/112_blink.dir/C_/Repositories/pico/pico-sdk/src/rp2_common/pico_runtime/runtime.c.obj
 .debug_aranges
                0x00000798       0x48 CMakeFiles/112_blink.dir/C_/Repositories/pico/pico-sdk/src/rp2_common/pico_runtime_init/runtime_init.c.obj
 .debug_aranges
                0x000007e0       0x28 CMakeFiles/112_blink.dir/C_/Repositories/pico/pico-sdk/src/rp2_common/pico_runtime_init/runtime_init_clocks.c.obj
 .debug_aranges
                0x00000808       0x60 CMakeFiles/112_blink.dir/C_/Repositories/pico/pico-sdk/src/rp2_common/pico_bit_ops/bit_ops_aeabi.S.obj
 .debug_aranges
                0x00000868       0x50 CMakeFiles/112_blink.dir/C_/Repositories/pico/pico-sdk/src/rp2_common/pico_divider/divider_hardware.S.obj
 .debug_aranges
                0x000008b8      0x150 CMakeFiles/112_blink.dir/C_/Repositories/pico/pico-sdk/src/rp2_common/pico_double/double_aeabi_rp2040.S.obj
 .debug_aranges
                0x00000a08       0x20 CMakeFiles/112_blink.dir/C_/Repositories/pico/pico-sdk/src/rp2_common/pico_double/double_init_rom_rp2040.c.obj
 .debug_aranges
                0x00000a28       0xc8 CMakeFiles/112_blink.dir/C_/Repositories/pico/pico-sdk/src/rp2_common/pico_double/double_v1_rom_shim_rp2040.S.obj
 .debug_aranges
                0x00000af0       0x20 CMakeFiles/112_blink.dir/C_/Repositories/pico/pico-sdk/src/rp2_common/pico_int64_ops/pico_int64_ops_aeabi.S.obj
 .debug_aranges
                0x00000b10      0x138 CMakeFiles/112_blink.dir/C_/Repositories/pico/pico-sdk/src/rp2_common/pico_float/float_aeabi_rp2040.S.obj
 .debug_aranges
                0x00000c48       0x20 CMakeFiles/112_blink.dir/C_/Repositories/pico/pico-sdk/src/rp2_common/pico_float/float_init_rom_rp2040.c.obj
 .debug_aranges
                0x00000c68       0x50 CMakeFiles/112_blink.dir/C_/Repositories/pico/pico-sdk/src/rp2_common/pico_float/float_v1_rom_shim_rp2040.S.obj
 .debug_aranges
                0x00000cb8       0x38 CMakeFiles/112_blink.dir/C_/Repositories/pico/pico-sdk/src/rp2_common/pico_mem_ops/mem_ops_aeabi.S.obj
 .debug_aranges
                0x00000cf0       0x18 CMakeFiles/112_blink.dir/C_/Repositories/pico/pico-sdk/src/rp2_common/pico_standard_binary_info/standard_binary_info.c.obj
 .debug_aranges
                0x00000d08       0x90 CMakeFiles/112_blink.dir/C_/Repositories/pico/pico-sdk/src/rp2_common/pico_printf/printf.c.obj
 .debug_aranges
                0x00000d98       0x28 CMakeFiles/112_blink.dir/C_/Repositories/pico/pico-sdk/src/rp2_common/pico_crt0/crt0.S.obj
 .debug_aranges
                0x00000dc0       0xb0 CMakeFiles/112_blink.dir/C_/Repositories/pico/pico-sdk/src/rp2_common/pico_clib_interface/newlib_interface.c.obj
 .debug_aranges
                0x00000e70       0xd0 CMakeFiles/112_blink.dir/C_/Repositories/pico/pico-sdk/src/rp2_common/pico_stdio/stdio.c.obj
 .debug_aranges
                0x00000f40       0x20 C:/Program Files/xpack-arm-none-eabi-gcc-15.2.1-1.1/bin/../lib/gcc/arm-none-eabi/15.2.1/thumb/v6-m/nofp\libgcc.a(_dvmd_tls.o)

.debug_rnglists
                0x00000000      0xeaa
 .debug_rnglists
                0x00000000       0x13 CMakeFiles/112_blink.dir/main.c.obj
 .debug_rnglists
                0x00000013       0xf2 CMakeFiles/112_blink.dir/C_/Repositories/pico/pico-sdk/src/rp2_common/hardware_gpio/gpio.c.obj
 .debug_rnglists
                0x00000105       0x19 CMakeFiles/112_blink.dir/C_/Repositories/pico/pico-sdk/src/rp2_common/pico_platform_panic/panic.c.obj
 .debug_rnglists
                0x0000011e       0x31 CMakeFiles/112_blink.dir/C_/Repositories/pico/pico-sdk/src/common/hardware_claim/claim.c.obj
 .debug_rnglists
                0x0000014f       0x31 CMakeFiles/112_blink.dir/C_/Repositories/pico/pico-sdk/src/rp2_common/hardware_sync/sync.c.obj
 .debug_rnglists
                0x00000180       0x19 CMakeFiles/112_blink.dir/C_/Repositories/pico/pico-sdk/src/rp2_common/hardware_sync_spin_lock/sync_spin_lock.c.obj
 .debug_rnglists
                0x00000199      0x11a CMakeFiles/112_blink.dir/C_/Repositories/pico/pico-sdk/src/rp2_common/hardware_irq/irq.c.obj
 .debug_rnglists
                0x000002b3       0x13 CMakeFiles/112_blink.dir/C_/Repositories/pico/pico-sdk/src/common/pico_sync/lock_core.c.obj
 .debug_rnglists
                0x000002c6      0x134 CMakeFiles/112_blink.dir/C_/Repositories/pico/pico-sdk/src/common/pico_sync/mutex.c.obj
 .debug_rnglists
                0x000003fa      0x1df CMakeFiles/112_blink.dir/C_/Repositories/pico/pico-sdk/src/common/pico_time/time.c.obj
 .debug_rnglists
                0x000005d9       0xb2 CMakeFiles/112_blink.dir/C_/Repositories/pico/pico-sdk/src/rp2_common/hardware_timer/timer.c.obj
 .debug_rnglists
                0x0000068b      0x108 CMakeFiles/112_blink.dir/C_/Repositories/pico/pico-sdk/src/rp2_common/hardware_clocks/clocks.c.obj
 .debug_rnglists
                0x00000793       0x1a CMakeFiles/112_blink.dir/C_/Repositories/pico/pico-sdk/src/rp2_common/hardware_pll/pll.c.obj
 .debug_rnglists
                0x000007ad       0x1f CMakeFiles/112_blink.dir/C_/Repositories/pico/pico-sdk/src/rp2_common/hardware_ticks/ticks.c.obj
 .debug_rnglists
                0x000007cc       0x37 CMakeFiles/112_blink.dir/C_/Repositories/pico/pico-sdk/src/rp2_common/pico_bootrom/bootrom.c.obj
 .debug_rnglists
                0x00000803       0x1f CMakeFiles/112_blink.dir/C_/Repositories/pico/pico-sdk/src/rp2_common/hardware_xosc/xosc.c.obj
 .debug_rnglists
                0x00000822       0x2b CMakeFiles/112_blink.dir/C_/Repositories/pico/pico-sdk/src/rp2_common/pico_runtime/runtime.c.obj
 .debug_rnglists
                0x0000084d       0x31 CMakeFiles/112_blink.dir/C_/Repositories/pico/pico-sdk/src/rp2_common/pico_runtime_init/runtime_init.c.obj
 .debug_rnglists
                0x0000087e       0x26 CMakeFiles/112_blink.dir/C_/Repositories/pico/pico-sdk/src/rp2_common/pico_runtime_init/runtime_init_clocks.c.obj
 .debug_rnglists
                0x000008a4       0x43 CMakeFiles/112_blink.dir/C_/Repositories/pico/pico-sdk/src/rp2_common/pico_bit_ops/bit_ops_aeabi.S.obj
 .debug_rnglists
                0x000008e7       0x38 CMakeFiles/112_blink.dir/C_/Repositories/pico/pico-sdk/src/rp2_common/pico_divider/divider_hardware.S.obj
 .debug_rnglists
                0x0000091f       0xf9 CMakeFiles/112_blink.dir/C_/Repositories/pico/pico-sdk/src/rp2_common/pico_double/double_aeabi_rp2040.S.obj
 .debug_rnglists
                0x00000a18       0x21 CMakeFiles/112_blink.dir/C_/Repositories/pico/pico-sdk/src/rp2_common/pico_double/double_init_rom_rp2040.c.obj
 .debug_rnglists
                0x00000a39       0x99 CMakeFiles/112_blink.dir/C_/Repositories/pico/pico-sdk/src/rp2_common/pico_double/double_v1_rom_shim_rp2040.S.obj
 .debug_rnglists
                0x00000ad2       0xe5 CMakeFiles/112_blink.dir/C_/Repositories/pico/pico-sdk/src/rp2_common/pico_float/float_aeabi_rp2040.S.obj
 .debug_rnglists
                0x00000bb7       0x20 CMakeFiles/112_blink.dir/C_/Repositories/pico/pico-sdk/src/rp2_common/pico_float/float_init_rom_rp2040.c.obj
 .debug_rnglists
                0x00000bd7       0x38 CMakeFiles/112_blink.dir/C_/Repositories/pico/pico-sdk/src/rp2_common/pico_float/float_v1_rom_shim_rp2040.S.obj
 .debug_rnglists
                0x00000c0f       0x25 CMakeFiles/112_blink.dir/C_/Repositories/pico/pico-sdk/src/rp2_common/pico_mem_ops/mem_ops_aeabi.S.obj
 .debug_rnglists
                0x00000c34       0xef CMakeFiles/112_blink.dir/C_/Repositories/pico/pico-sdk/src/rp2_common/pico_printf/printf.c.obj
 .debug_rnglists
                0x00000d23       0x1b CMakeFiles/112_blink.dir/C_/Repositories/pico/pico-sdk/src/rp2_common/pico_crt0/crt0.S.obj
 .debug_rnglists
                0x00000d3e       0x80 CMakeFiles/112_blink.dir/C_/Repositories/pico/pico-sdk/src/rp2_common/pico_clib_interface/newlib_interface.c.obj
 .debug_rnglists
                0x00000dbe       0xec CMakeFiles/112_blink.dir/C_/Repositories/pico/pico-sdk/src/rp2_common/pico_stdio/stdio.c.obj

.debug_line     0x00000000     0xebd7
 .debug_line    0x00000000      0x3c2 CMakeFiles/112_blink.dir/main.c.obj
 .debug_line    0x000003c2      0xdf3 CMakeFiles/112_blink.dir/C_/Repositories/pico/pico-sdk/src/rp2_common/hardware_gpio/gpio.c.obj